Archive member included to satisfy reference by file (symbol)

/home/sano/project/gateway/tool/arm-gnu-toolchain-14.2.rel1-x86_64-arm-none-eabi/bin/../lib/gcc/arm-none-eabi/14.2.1/../../../../arm-none-eabi/lib/thumb/v7-m/nofp/libc_nano.a(libc_a-exit.o)
                              /home/sano/project/gateway/tool/arm-gnu-toolchain-14.2.rel1-x86_64-arm-none-eabi/bin/../lib/gcc/arm-none-eabi/14.2.1/../../../../arm-none-eabi/lib/thumb/v7-m/nofp/crt0.o (exit)
/home/sano/project/gateway/tool/arm-gnu-toolchain-14.2.rel1-x86_64-arm-none-eabi/bin/../lib/gcc/arm-none-eabi/14.2.1/../../../../arm-none-eabi/lib/thumb/v7-m/nofp/libc_nano.a(libc_a-findfp.o)
                              /home/sano/project/gateway/tool/arm-gnu-toolchain-14.2.rel1-x86_64-arm-none-eabi/bin/../lib/gcc/arm-none-eabi/14.2.1/../../../../arm-none-eabi/lib/thumb/v7-m/nofp/libc_nano.a(libc_a-exit.o) (__stdio_exit_handler)
/home/sano/project/gateway/tool/arm-gnu-toolchain-14.2.rel1-x86_64-arm-none-eabi/bin/../lib/gcc/arm-none-eabi/14.2.1/../../../../arm-none-eabi/lib/thumb/v7-m/nofp/libc_nano.a(libc_a-fwalk.o)
                              /home/sano/project/gateway/tool/arm-gnu-toolchain-14.2.rel1-x86_64-arm-none-eabi/bin/../lib/gcc/arm-none-eabi/14.2.1/../../../../arm-none-eabi/lib/thumb/v7-m/nofp/libc_nano.a(libc_a-findfp.o) (_fwalk_sglue)
/home/sano/project/gateway/tool/arm-gnu-toolchain-14.2.rel1-x86_64-arm-none-eabi/bin/../lib/gcc/arm-none-eabi/14.2.1/../../../../arm-none-eabi/lib/thumb/v7-m/nofp/libc_nano.a(libc_a-sprintf.o)
                              build/main.o (sprintf)
/home/sano/project/gateway/tool/arm-gnu-toolchain-14.2.rel1-x86_64-arm-none-eabi/bin/../lib/gcc/arm-none-eabi/14.2.1/../../../../arm-none-eabi/lib/thumb/v7-m/nofp/libc_nano.a(libc_a-stdio.o)
                              /home/sano/project/gateway/tool/arm-gnu-toolchain-14.2.rel1-x86_64-arm-none-eabi/bin/../lib/gcc/arm-none-eabi/14.2.1/../../../../arm-none-eabi/lib/thumb/v7-m/nofp/libc_nano.a(libc_a-findfp.o) (__sread)
/home/sano/project/gateway/tool/arm-gnu-toolchain-14.2.rel1-x86_64-arm-none-eabi/bin/../lib/gcc/arm-none-eabi/14.2.1/../../../../arm-none-eabi/lib/thumb/v7-m/nofp/libc_nano.a(libc_a-memset.o)
                              /home/sano/project/gateway/tool/arm-gnu-toolchain-14.2.rel1-x86_64-arm-none-eabi/bin/../lib/gcc/arm-none-eabi/14.2.1/../../../../arm-none-eabi/lib/thumb/v7-m/nofp/crt0.o (memset)
/home/sano/project/gateway/tool/arm-gnu-toolchain-14.2.rel1-x86_64-arm-none-eabi/bin/../lib/gcc/arm-none-eabi/14.2.1/../../../../arm-none-eabi/lib/thumb/v7-m/nofp/libc_nano.a(libc_a-closer.o)
                              /home/sano/project/gateway/tool/arm-gnu-toolchain-14.2.rel1-x86_64-arm-none-eabi/bin/../lib/gcc/arm-none-eabi/14.2.1/../../../../arm-none-eabi/lib/thumb/v7-m/nofp/libc_nano.a(libc_a-stdio.o) (_close_r)
/home/sano/project/gateway/tool/arm-gnu-toolchain-14.2.rel1-x86_64-arm-none-eabi/bin/../lib/gcc/arm-none-eabi/14.2.1/../../../../arm-none-eabi/lib/thumb/v7-m/nofp/libc_nano.a(libc_a-reent.o)
                              /home/sano/project/gateway/tool/arm-gnu-toolchain-14.2.rel1-x86_64-arm-none-eabi/bin/../lib/gcc/arm-none-eabi/14.2.1/../../../../arm-none-eabi/lib/thumb/v7-m/nofp/libc_nano.a(libc_a-closer.o) (errno)
/home/sano/project/gateway/tool/arm-gnu-toolchain-14.2.rel1-x86_64-arm-none-eabi/bin/../lib/gcc/arm-none-eabi/14.2.1/../../../../arm-none-eabi/lib/thumb/v7-m/nofp/libc_nano.a(libc_a-impure.o)
                              /home/sano/project/gateway/tool/arm-gnu-toolchain-14.2.rel1-x86_64-arm-none-eabi/bin/../lib/gcc/arm-none-eabi/14.2.1/../../../../arm-none-eabi/lib/thumb/v7-m/nofp/libc_nano.a(libc_a-sprintf.o) (_impure_ptr)
/home/sano/project/gateway/tool/arm-gnu-toolchain-14.2.rel1-x86_64-arm-none-eabi/bin/../lib/gcc/arm-none-eabi/14.2.1/../../../../arm-none-eabi/lib/thumb/v7-m/nofp/libc_nano.a(libc_a-lseekr.o)
                              /home/sano/project/gateway/tool/arm-gnu-toolchain-14.2.rel1-x86_64-arm-none-eabi/bin/../lib/gcc/arm-none-eabi/14.2.1/../../../../arm-none-eabi/lib/thumb/v7-m/nofp/libc_nano.a(libc_a-stdio.o) (_lseek_r)
/home/sano/project/gateway/tool/arm-gnu-toolchain-14.2.rel1-x86_64-arm-none-eabi/bin/../lib/gcc/arm-none-eabi/14.2.1/../../../../arm-none-eabi/lib/thumb/v7-m/nofp/libc_nano.a(libc_a-readr.o)
                              /home/sano/project/gateway/tool/arm-gnu-toolchain-14.2.rel1-x86_64-arm-none-eabi/bin/../lib/gcc/arm-none-eabi/14.2.1/../../../../arm-none-eabi/lib/thumb/v7-m/nofp/libc_nano.a(libc_a-stdio.o) (_read_r)
/home/sano/project/gateway/tool/arm-gnu-toolchain-14.2.rel1-x86_64-arm-none-eabi/bin/../lib/gcc/arm-none-eabi/14.2.1/../../../../arm-none-eabi/lib/thumb/v7-m/nofp/libc_nano.a(libc_a-writer.o)
                              /home/sano/project/gateway/tool/arm-gnu-toolchain-14.2.rel1-x86_64-arm-none-eabi/bin/../lib/gcc/arm-none-eabi/14.2.1/../../../../arm-none-eabi/lib/thumb/v7-m/nofp/libc_nano.a(libc_a-stdio.o) (_write_r)
[...]
Memory Configuration

Name             Origin             Length             Attributes
RAM              0x20000000         0x00005000         xrw
FLASH            0x08000000         0x00010000         xr
*default*        0x00000000         0xffffffff

Linker script and memory map

LOAD /home/sano/project/gateway/tool/arm-gnu-toolchain-14.2.rel1-x86_64-arm-none-eabi/bin/../lib/gcc/arm-none-eabi/14.2.1/thumb/v7-m/nofp/crti.o
LOAD /home/sano/project/gateway/tool/arm-gnu-toolchain-14.2.rel1-x86_64-arm-none-eabi/bin/../lib/gcc/arm-none-eabi/14.2.1/thumb/v7-m/nofp/crtbegin.o
LOAD /home/sano/project/gateway/tool/arm-gnu-toolchain-14.2.rel1-x86_64-arm-none-eabi/bin/../lib/gcc/arm-none-eabi/14.2.1/../../../../arm-none-eabi/lib/thumb/v7-m/nofp/crt0.o
LOAD build/main.o
LOAD build/stm32f1xx_it.o
LOAD build/stm32f1xx_hal_msp.o
LOAD build/stm32f1xx_hal_gpio_ex.o
LOAD build/stm32f1xx_hal.o
LOAD build/stm32f1xx_hal_rcc.o
LOAD build/stm32f1xx_hal_rcc_ex.o
LOAD build/stm32f1xx_hal_gpio.o
LOAD build/stm32f1xx_hal_dma.o
LOAD build/stm32f1xx_hal_cortex.o
LOAD build/stm32f1xx_hal_pwr.o
LOAD build/stm32f1xx_hal_flash.o
LOAD build/stm32f1xx_hal_flash_ex.o
LOAD build/stm32f1xx_hal_exti.o
LOAD build/system_stm32f1xx.o
LOAD build/stm32f1xx_hal_tim.o
LOAD build/stm32f1xx_hal_tim_ex.o
LOAD build/stm32f1xx_hal_uart.o
LOAD build/pzem.o
LOAD build/startup_stm32f103xb.o
LOAD /home/sano/project/gateway/tool/arm-gnu-toolchain-14.2.rel1-x86_64-arm-none-eabi/bin/../lib/gcc/arm-none-eabi/14.2.1/../../../../arm-none-eabi/lib/thumb/v7-m/nofp/libc_nano.a
LOAD /home/sano/project/gateway/tool/arm-gnu-toolchain-14.2.rel1-x86_64-arm-none-eabi/bin/../lib/gcc/arm-none-eabi/14.2.1/../../../../arm-none-eabi/lib/thumb/v7-m/nofp/libm.a
LOAD /home/sano/project/gateway/tool/arm-gnu-toolchain-14.2.rel1-x86_64-arm-none-eabi/bin/../lib/gcc/arm-none-eabi/14.2.1/../../../../arm-none-eabi/lib/thumb/v7-m/nofp/libnosys.a
START GROUP
LOAD /home/sano/project/gateway/tool/arm-gnu-toolchain-14.2.rel1-x86_64-arm-none-eabi/bin/../lib/gcc/arm-none-eabi/14.2.1/thumb/v7-m/nofp/libgcc.a
LOAD /home/sano/project/gateway/tool/arm-gnu-toolchain-14.2.rel1-x86_64-arm-none-eabi/bin/../lib/gcc/arm-none-eabi/14.2.1/../../../../arm-none-eabi/lib/thumb/v7-m/nofp/libc_nano.a
END GROUP
START GROUP
LOAD /home/sano/project/gateway/tool/arm-gnu-toolchain-14.2.rel1-x86_64-arm-none-eabi/bin/../lib/gcc/arm-none-eabi/14.2.1/thumb/v7-m/nofp/libgcc.a
LOAD /home/sano/project/gateway/tool/arm-gnu-toolchain-14.2.rel1-x86_64-arm-none-eabi/bin/../lib/gcc/arm-none-eabi/14.2.1/../../../../arm-none-eabi/lib/thumb/v7-m/nofp/libc_nano.a
END GROUP
LOAD /home/sano/project/gateway/tool/arm-gnu-toolchain-14.2.rel1-x86_64-arm-none-eabi/bin/../lib/gcc/arm-none-eabi/14.2.1/thumb/v7-m/nofp/crtend.o
LOAD /home/sano/project/gateway/tool/arm-gnu-toolchain-14.2.rel1-x86_64-arm-none-eabi/bin/../lib/gcc/arm-none-eabi/14.2.1/thumb/v7-m/nofp/crtn.o
                0x20005000                        _estack = (ORIGIN (RAM) + LENGTH (RAM))
                0x00000200                        _Min_Heap_Size = 0x200
                0x00000400                        _Min_Stack_Size = 0x400

.isr_vector     0x08000000      0x10c
                0x08000000                        . = ALIGN (0x4)
 *(.isr_vector)
 .isr_vector    0x08000000      0x10c build/startup_stm32f103xb.o
                0x08000000                g_pfnVectors
                0x0800010c                        . = ALIGN (0x4)

.text           0x0800010c     0x36d8
                0x0800010c                        . = ALIGN (0x4)
 *(.text)
 .text          0x0800010c       0x10 /home/sano/project/gateway/tool/arm-gnu-toolchain-14.2.rel1-x86_64-arm-none-eabi/bin/../lib/gcc/arm-none-eabi/14.2.1/../../../../arm-none-eabi/lib/thumb/v7-m/nofp/libc_nano.a(libc_a-strlen.o)
                0x0800010c                strlen
 .text          0x0800011c      0x378 /home/sano/project/gateway/tool/arm-gnu-toolchain-14.2.rel1-x86_64-arm-none-eabi/bin/../lib/gcc/arm-none-eabi/14.2.1/thumb/v7-m/nofp/libgcc.a(_arm_addsubdf3.o)
                0x0800011c                __aeabi_drsub
                0x08000124                __aeabi_dsub
                0x08000124                __subdf3
                0x08000128                __adddf3
                0x08000128                __aeabi_dadd
                0x080003a0                __aeabi_ui2d
                0x080003a0                __floatunsidf
                0x080003c0                __floatsidf
                0x080003c0                __aeabi_i2d
                0x080003e4                __extendsfdf2
                0x080003e4                __aeabi_f2d
                0x08000428                __aeabi_ul2d
                0x08000428                __floatundidf
                0x08000438                __floatdidf
                0x08000438                __aeabi_l2d
 .text          0x08000494      0x424 /home/sano/project/gateway/tool/arm-gnu-toolchain-14.2.rel1-x86_64-arm-none-eabi/bin/../lib/gcc/arm-none-eabi/14.2.1/thumb/v7-m/nofp/libgcc.a(_arm_muldivdf3.o)
                0x08000494                __aeabi_dmul
                0x08000494                __muldf3
                0x080006e8                __aeabi_ddiv
                0x080006e8                __divdf3
 .text          0x080008b8       0xa0 /home/sano/project/gateway/tool/arm-gnu-toolchain-14.2.rel1-x86_64-arm-none-eabi/bin/../lib/gcc/arm-none-eabi/14.2.1/thumb/v7-m/nofp/libgcc.a(_arm_truncdfsf2.o)
                0x080008b8                __aeabi_d2f
                0x080008b8                __truncdfsf2
 .text          0x08000958      0x21c /home/sano/project/gateway/tool/arm-gnu-toolchain-14.2.rel1-x86_64-arm-none-eabi/bin/../lib/gcc/arm-none-eabi/14.2.1/thumb/v7-m/nofp/libgcc.a(_arm_addsubsf3.o)
                0x08000958                __aeabi_frsub
                0x08000960                __subsf3
                0x08000960                __aeabi_fsub
                0x08000964                __aeabi_fadd
                0x08000964                __addsf3
                0x08000ac4                __aeabi_ui2f
                0x08000ac4                __floatunsisf
                0x08000acc                __aeabi_i2f
                0x08000acc                __floatsisf
                0x08000ae8                __floatundisf
                0x08000ae8                __aeabi_ul2f
                0x08000af8                __floatdisf
                0x08000af8                __aeabi_l2f
 .text          0x08000b74      0x2a0 /home/sano/project/gateway/tool/arm-gnu-toolchain-14.2.rel1-x86_64-arm-none-eabi/bin/../lib/gcc/arm-none-eabi/14.2.1/thumb/v7-m/nofp/libgcc.a(_arm_muldivsf3.o)
                0x08000b74                __mulsf3
                0x08000b74                __aeabi_fmul
                0x08000cdc                __divsf3
                0x08000cdc                __aeabi_fdiv
 .text          0x08000e14       0xec /home/sano/project/gateway/tool/arm-gnu-toolchain-14.2.rel1-x86_64-arm-none-eabi/bin/../lib/gcc/arm-none-eabi/14.2.1/thumb/v7-m/nofp/libgcc.a(_arm_cmpsf2.o)
                0x08000e14                __gtsf2
                0x08000e14                __gesf2
                0x08000e1c                __lesf2
                0x08000e1c                __ltsf2
                0x08000e24                __nesf2
                0x08000e24                __eqsf2
                0x08000e24                __cmpsf2
                0x08000e84                __aeabi_cfrcmple
                0x08000e8c                __aeabi_cfcmple
                0x08000e8c                __aeabi_cfcmpeq
                0x08000e9c                __aeabi_fcmpeq
                0x08000eb0                __aeabi_fcmplt
                0x08000ec4                __aeabi_fcmple
                0x08000ed8                __aeabi_fcmpge
                0x08000eec                __aeabi_fcmpgt
 *(.text*)
 .text.deregister_tm_clones
                0x08000f00       0x1c /home/sano/project/gateway/tool/arm-gnu-toolchain-14.2.rel1-x86_64-arm-none-eabi/bin/../lib/gcc/arm-none-eabi/14.2.1/thumb/v7-m/nofp/crtbegin.o
 .text.register_tm_clones
                0x08000f1c       0x24 /home/sano/project/gateway/tool/arm-gnu-toolchain-14.2.rel1-x86_64-arm-none-eabi/bin/../lib/gcc/arm-none-eabi/14.2.1/thumb/v7-m/nofp/crtbegin.o
 .text.__do_global_dtors_aux
                0x08000f40       0x28 /home/sano/project/gateway/tool/arm-gnu-toolchain-14.2.rel1-x86_64-arm-none-eabi/bin/../lib/gcc/arm-none-eabi/14.2.1/thumb/v7-m/nofp/crtbegin.o
 .text.frame_dummy
                0x08000f68       0x24 /home/sano/project/gateway/tool/arm-gnu-toolchain-14.2.rel1-x86_64-arm-none-eabi/bin/../lib/gcc/arm-none-eabi/14.2.1/thumb/v7-m/nofp/crtbegin.o
 .text.MX_GPIO_Init
                0x08000f8c       0x74 build/main.o
 .text.microDelay
                0x08001000       0x14 build/main.o
                0x08001000                microDelay
 .text.DHT22_Start
                0x08001014       0xd0 build/main.o
                0x08001014                DHT22_Start
 .text.DHT22_Read
                0x080010e4       0xb8 build/main.o
                0x080010e4                DHT22_Read
 .text.DHT22    0x0800119c       0xb4 build/main.o
                0x0800119c                DHT22
 .text.HAL_UART_RxCpltCallback
                0x08001250       0x58 build/main.o
                0x08001250                HAL_UART_RxCpltCallback
 .text.Error_Handler
                0x080012a8        0x4 build/main.o
                0x080012a8                Error_Handler
 .text.MX_TIM4_Init
                0x080012ac       0x68 build/main.o
 .text.MX_USART1_UART_Init
                0x08001314       0x34 build/main.o
 .text.MX_USART2_UART_Init
                0x08001348       0x34 build/main.o
 .text.SystemClock_Config
                0x0800137c       0x64 build/main.o
                0x0800137c                SystemClock_Config
 .text.main     0x080013e0      0x188 build/main.o
                0x080013e0                main
 .text.NMI_Handler
                0x08001568        0x2 build/stm32f1xx_it.o
                0x08001568                NMI_Handler
 .text.HardFault_Handler
                0x0800156a        0x2 build/stm32f1xx_it.o
                0x0800156a                HardFault_Handler
 .text.MemManage_Handler
                0x0800156c        0x2 build/stm32f1xx_it.o
                0x0800156c                MemManage_Handler
 .text.BusFault_Handler
                0x0800156e        0x2 build/stm32f1xx_it.o
                0x0800156e                BusFault_Handler
 .text.UsageFault_Handler
                0x08001570        0x2 build/stm32f1xx_it.o
                0x08001570                UsageFault_Handler
 .text.SVC_Handler
                0x08001572        0x2 build/stm32f1xx_it.o
                0x08001572                SVC_Handler
 .text.DebugMon_Handler
                0x08001574        0x2 build/stm32f1xx_it.o
                0x08001574                DebugMon_Handler
 .text.PendSV_Handler
                0x08001576        0x2 build/stm32f1xx_it.o
                0x08001576                PendSV_Handler
 .text.SysTick_Handler
                0x08001578        0x8 build/stm32f1xx_it.o
                0x08001578                SysTick_Handler
 .text.USART1_IRQHandler
                0x08001580       0x10 build/stm32f1xx_it.o
                0x08001580                USART1_IRQHandler
 .text.HAL_MspInit
                0x08001590       0x44 build/stm32f1xx_hal_msp.o
                0x08001590                HAL_MspInit
 .text.HAL_TIM_Base_MspInit
                0x080015d4       0x2c build/stm32f1xx_hal_msp.o
                0x080015d4                HAL_TIM_Base_MspInit
 .text.HAL_UART_MspInit
                0x08001600       0xe8 build/stm32f1xx_hal_msp.o
                0x08001600                HAL_UART_MspInit
 .text.HAL_InitTick
                0x080016e8       0x4c build/stm32f1xx_hal.o
                0x080016e8                HAL_InitTick
 .text.HAL_Init
                0x08001734       0x24 build/stm32f1xx_hal.o
                0x08001734                HAL_Init
 .text.HAL_IncTick
                0x08001758       0x18 build/stm32f1xx_hal.o
                0x08001758                HAL_IncTick
 .text.HAL_GetTick
                0x08001770        0xc build/stm32f1xx_hal.o
                0x08001770                HAL_GetTick
 .text.HAL_Delay
                0x0800177c       0x28 build/stm32f1xx_hal.o
                0x0800177c                HAL_Delay
 .text.RCC_Delay
                0x080017a4       0x2c build/stm32f1xx_hal_rcc.o
 .text.HAL_RCC_OscConfig
                0x080017d0      0x410 build/stm32f1xx_hal_rcc.o
                0x080017d0                HAL_RCC_OscConfig
 .text.HAL_RCC_GetSysClockFreq
                0x08001be0       0x54 build/stm32f1xx_hal_rcc.o
                0x08001be0                HAL_RCC_GetSysClockFreq
 .text.HAL_RCC_ClockConfig
                0x08001c34      0x16c build/stm32f1xx_hal_rcc.o
                0x08001c34                HAL_RCC_ClockConfig
 .text.HAL_RCC_GetHCLKFreq
                0x08001da0        0xc build/stm32f1xx_hal_rcc.o
                0x08001da0                HAL_RCC_GetHCLKFreq
 .text.HAL_RCC_GetPCLK1Freq
                0x08001dac       0x20 build/stm32f1xx_hal_rcc.o
                0x08001dac                HAL_RCC_GetPCLK1Freq
 .text.HAL_RCC_GetPCLK2Freq
                0x08001dcc       0x20 build/stm32f1xx_hal_rcc.o
                0x08001dcc                HAL_RCC_GetPCLK2Freq
 .text.HAL_GPIO_Init
                0x08001dec      0x214 build/stm32f1xx_hal_gpio.o
                0x08001dec                HAL_GPIO_Init
 .text.HAL_GPIO_ReadPin
                0x08002000        0xe build/stm32f1xx_hal_gpio.o
                0x08002000                HAL_GPIO_ReadPin
 .text.HAL_GPIO_WritePin
                0x0800200e        0xc build/stm32f1xx_hal_gpio.o
                0x0800200e                HAL_GPIO_WritePin
 .text.HAL_GPIO_TogglePin
                0x0800201a       0x12 build/stm32f1xx_hal_gpio.o
                0x0800201a                HAL_GPIO_TogglePin
 .text.HAL_DMA_Abort
                0x0800202c       0x44 build/stm32f1xx_hal_dma.o
                0x0800202c                HAL_DMA_Abort
 .text.HAL_DMA_Abort_IT
                0x08002070       0x98 build/stm32f1xx_hal_dma.o
                0x08002070                HAL_DMA_Abort_IT
 .text.__NVIC_SetPriority
                0x08002108       0x28 build/stm32f1xx_hal_cortex.o
 .text.NVIC_EncodePriority
                0x08002130       0x3e build/stm32f1xx_hal_cortex.o
 *fill*         0x0800216e        0x2 
 .text.HAL_NVIC_SetPriorityGrouping
                0x08002170       0x24 build/stm32f1xx_hal_cortex.o
                0x08002170                HAL_NVIC_SetPriorityGrouping
 .text.HAL_NVIC_SetPriority
                0x08002194       0x20 build/stm32f1xx_hal_cortex.o
                0x08002194                HAL_NVIC_SetPriority
 .text.HAL_NVIC_EnableIRQ
                0x080021b4       0x1c build/stm32f1xx_hal_cortex.o
                0x080021b4                HAL_NVIC_EnableIRQ
 .text.HAL_SYSTICK_Config
                0x080021d0       0x28 build/stm32f1xx_hal_cortex.o
                0x080021d0                HAL_SYSTICK_Config
 .text.SystemInit
                0x080021f8        0x2 build/system_stm32f1xx.o
                0x080021f8                SystemInit
 .text.TIM_TI1_ConfigInputStage
                0x080021fa       0x24 build/stm32f1xx_hal_tim.o
 .text.TIM_TI2_ConfigInputStage
                0x0800221e       0x26 build/stm32f1xx_hal_tim.o
 .text.TIM_ITRx_SetConfig
                0x08002244       0x10 build/stm32f1xx_hal_tim.o
 .text.HAL_TIM_Base_Start
                0x08002254       0x5c build/stm32f1xx_hal_tim.o
                0x08002254                HAL_TIM_Base_Start
 .text.TIM_Base_SetConfig
                0x080022b0       0x84 build/stm32f1xx_hal_tim.o
                0x080022b0                TIM_Base_SetConfig
 .text.HAL_TIM_Base_Init
                0x08002334       0x58 build/stm32f1xx_hal_tim.o
                0x08002334                HAL_TIM_Base_Init
 .text.TIM_ETR_SetConfig
                0x0800238c       0x18 build/stm32f1xx_hal_tim.o
                0x0800238c                TIM_ETR_SetConfig
 .text.HAL_TIM_ConfigClockSource
                0x080023a4       0xfe build/stm32f1xx_hal_tim.o
                0x080023a4                HAL_TIM_ConfigClockSource
 *fill*         0x080024a2        0x2 
 .text.HAL_TIMEx_MasterConfigSynchronization
                0x080024a4       0x6c build/stm32f1xx_hal_tim_ex.o
                0x080024a4                HAL_TIMEx_MasterConfigSynchronization
 .text.UART_EndRxTransfer
                0x08002510       0x5c build/stm32f1xx_hal_uart.o
 .text.UART_Transmit_IT
                0x0800256c       0x5e build/stm32f1xx_hal_uart.o
 *fill*         0x080025ca        0x2 
 .text.UART_SetConfig
                0x080025cc       0x94 build/stm32f1xx_hal_uart.o
 .text.UART_WaitOnFlagUntilTimeout
                0x08002660       0x86 build/stm32f1xx_hal_uart.o
 .text.HAL_UART_Init
                0x080026e6       0x60 build/stm32f1xx_hal_uart.o
                0x080026e6                HAL_UART_Init
 .text.HAL_UART_Transmit
                0x08002746       0xca build/stm32f1xx_hal_uart.o
                0x08002746                HAL_UART_Transmit
 .text.HAL_UART_Receive
                0x08002810       0xd2 build/stm32f1xx_hal_uart.o
                0x08002810                HAL_UART_Receive
 .text.HAL_UART_TxCpltCallback
                0x080028e2        0x2 build/stm32f1xx_hal_uart.o
                0x080028e2                HAL_UART_TxCpltCallback
 .text.UART_EndTransmit_IT
                0x080028e4       0x1a build/stm32f1xx_hal_uart.o
 .text.HAL_UART_ErrorCallback
                0x080028fe        0x2 build/stm32f1xx_hal_uart.o
                0x080028fe                HAL_UART_ErrorCallback
 .text.UART_DMAAbortOnError
                0x08002900       0x10 build/stm32f1xx_hal_uart.o
 .text.HAL_UARTEx_RxEventCallback
                0x08002910        0x2 build/stm32f1xx_hal_uart.o
                0x08002910                HAL_UARTEx_RxEventCallback
 .text.UART_Receive_IT
                0x08002912       0xe4 build/stm32f1xx_hal_uart.o
 *fill*         0x080029f6        0x2 
 .text.HAL_UART_IRQHandler
                0x080029f8      0x284 build/stm32f1xx_hal_uart.o
                0x080029f8                HAL_UART_IRQHandler
 .text.UART_Start_Receive_IT
                0x08002c7c       0x36 build/stm32f1xx_hal_uart.o
                0x08002c7c                UART_Start_Receive_IT
 .text.HAL_UART_Receive_IT
                0x08002cb2       0x24 build/stm32f1xx_hal_uart.o
                0x08002cb2                HAL_UART_Receive_IT
 *fill*         0x08002cd6        0x2 
 .text.pzem_Init
                0x08002cd8       0x34 build/pzem.o
                0x08002cd8                pzem_Init
 .text.pzem_READ
                0x08002d0c       0xf8 build/pzem.o
                0x08002d0c                pzem_READ
 .text.Reset_Handler
                0x08002e04       0x48 build/startup_stm32f103xb.o
                0x08002e04                Reset_Handler
 .text.Default_Handler
                0x08002e4c        0x2 build/startup_stm32f103xb.o
                0x08002e4c                RTC_Alarm_IRQHandler
                0x08002e4c                EXTI2_IRQHandler
                0x08002e4c                TIM1_CC_IRQHandler
                0x08002e4c                PVD_IRQHandler
                0x08002e4c                EXTI3_IRQHandler
                0x08002e4c                EXTI0_IRQHandler
                0x08002e4c                I2C2_EV_IRQHandler
                0x08002e4c                ADC1_2_IRQHandler
                0x08002e4c                SPI1_IRQHandler
                0x08002e4c                TAMPER_IRQHandler
                0x08002e4c                DMA1_Channel4_IRQHandler
                0x08002e4c                USART3_IRQHandler
                0x08002e4c                RTC_IRQHandler
                0x08002e4c                DMA1_Channel7_IRQHandler
                0x08002e4c                CAN1_RX1_IRQHandler
                0x08002e4c                TIM4_IRQHandler
                0x08002e4c                I2C1_EV_IRQHandler
                0x08002e4c                DMA1_Channel6_IRQHandler
                0x08002e4c                TIM3_IRQHandler
                0x08002e4c                RCC_IRQHandler
                0x08002e4c                TIM1_TRG_COM_IRQHandler
                0x08002e4c                DMA1_Channel1_IRQHandler
                0x08002e4c                Default_Handler
                0x08002e4c                EXTI15_10_IRQHandler
                0x08002e4c                EXTI9_5_IRQHandler
                0x08002e4c                SPI2_IRQHandler
                0x08002e4c                DMA1_Channel5_IRQHandler
                0x08002e4c                EXTI4_IRQHandler
                0x08002e4c                USB_LP_CAN1_RX0_IRQHandler
                0x08002e4c                USB_HP_CAN1_TX_IRQHandler
                0x08002e4c                DMA1_Channel3_IRQHandler
                0x08002e4c                TIM1_UP_IRQHandler
                0x08002e4c                WWDG_IRQHandler
                0x08002e4c                TIM2_IRQHandler
                0x08002e4c                TIM1_BRK_IRQHandler
                0x08002e4c                EXTI1_IRQHandler
                0x08002e4c                USART2_IRQHandler
                0x08002e4c                I2C2_ER_IRQHandler
                0x08002e4c                DMA1_Channel2_IRQHandler
                0x08002e4c                CAN1_SCE_IRQHandler
                0x08002e4c                FLASH_IRQHandler
                0x08002e4c                I2C1_ER_IRQHandler
                0x08002e4c                USBWakeUp_IRQHandler
 *fill*         0x08002e4e        0x2 
 .text.sprintf  0x08002e50       0x44 /home/sano/project/gateway/tool/arm-gnu-toolchain-14.2.rel1-x86_64-arm-none-eabi/bin/../lib/gcc/arm-none-eabi/14.2.1/../../../../arm-none-eabi/lib/thumb/v7-m/nofp/libc_nano.a(libc_a-sprintf.o)
                0x08002e50                sprintf
                0x08002e50                siprintf
 .text.memset   0x08002e94       0x10 /home/sano/project/gateway/tool/arm-gnu-toolchain-14.2.rel1-x86_64-arm-none-eabi/bin/../lib/gcc/arm-none-eabi/14.2.1/../../../../arm-none-eabi/lib/thumb/v7-m/nofp/libc_nano.a(libc_a-memset.o)
                0x08002e94                memset
 .text.__libc_init_array
                0x08002ea4       0x48 /home/sano/project/gateway/tool/arm-gnu-toolchain-14.2.rel1-x86_64-arm-none-eabi/bin/../lib/gcc/arm-none-eabi/14.2.1/../../../../arm-none-eabi/lib/thumb/v7-m/nofp/libc_nano.a(libc_a-init.o)
                0x08002ea4                __libc_init_array
 .text.__retarget_lock_acquire_recursive
                0x08002eec        0x2 /home/sano/project/gateway/tool/arm-gnu-toolchain-14.2.rel1-x86_64-arm-none-eabi/bin/../lib/gcc/arm-none-eabi/14.2.1/../../../../arm-none-eabi/lib/thumb/v7-m/nofp/libc_nano.a(libc_a-lock.o)
                0x08002eec                __retarget_lock_acquire_recursive
 .text.__retarget_lock_release_recursive
                0x08002eee        0x2 /home/sano/project/gateway/tool/arm-gnu-toolchain-14.2.rel1-x86_64-arm-none-eabi/bin/../lib/gcc/arm-none-eabi/14.2.1/../../../../arm-none-eabi/lib/thumb/v7-m/nofp/libc_nano.a(libc_a-lock.o)
                0x08002eee                __retarget_lock_release_recursive
 .text.memcpy   0x08002ef0       0x1c /home/sano/project/gateway/tool/arm-gnu-toolchain-14.2.rel1-x86_64-arm-none-eabi/bin/../lib/gcc/arm-none-eabi/14.2.1/../../../../arm-none-eabi/lib/thumb/v7-m/nofp/libc_nano.a(libc_a-memcpy-stub.o)
                0x08002ef0                memcpy
 .text._free_r  0x08002f0c       0x90 /home/sano/project/gateway/tool/arm-gnu-toolchain-14.2.rel1-x86_64-arm-none-eabi/bin/../lib/gcc/arm-none-eabi/14.2.1/../../../../arm-none-eabi/lib/thumb/v7-m/nofp/libc_nano.a(libc_a-freer.o)
                0x08002f0c                _free_r
 .text.sbrk_aligned
                0x08002f9c       0x44 /home/sano/project/gateway/tool/arm-gnu-toolchain-14.2.rel1-x86_64-arm-none-eabi/bin/../lib/gcc/arm-none-eabi/14.2.1/../../../../arm-none-eabi/lib/thumb/v7-m/nofp/libc_nano.a(libc_a-mallocr.o)
 .text._malloc_r
                0x08002fe0      0x100 /home/sano/project/gateway/tool/arm-gnu-toolchain-14.2.rel1-x86_64-arm-none-eabi/bin/../lib/gcc/arm-none-eabi/14.2.1/../../../../arm-none-eabi/lib/thumb/v7-m/nofp/libc_nano.a(libc_a-mallocr.o)
                0x08002fe0                _malloc_r
 .text.__malloc_lock
                0x080030e0        0xc /home/sano/project/gateway/tool/arm-gnu-toolchain-14.2.rel1-x86_64-arm-none-eabi/bin/../lib/gcc/arm-none-eabi/14.2.1/../../../../arm-none-eabi/lib/thumb/v7-m/nofp/libc_nano.a(libc_a-mlock.o)
                0x080030e0                __malloc_lock
 .text.__malloc_unlock
                0x080030ec        0xc /home/sano/project/gateway/tool/arm-gnu-toolchain-14.2.rel1-x86_64-arm-none-eabi/bin/../lib/gcc/arm-none-eabi/14.2.1/../../../../arm-none-eabi/lib/thumb/v7-m/nofp/libc_nano.a(libc_a-mlock.o)
                0x080030ec                __malloc_unlock
 .text.__ssputs_r
                0x080030f8       0xc0 /home/sano/project/gateway/tool/arm-gnu-toolchain-14.2.rel1-x86_64-arm-none-eabi/bin/../lib/gcc/arm-none-eabi/14.2.1/../../../../arm-none-eabi/lib/thumb/v7-m/nofp/libc_nano.a(libc_a-nano-svfprintf.o)
                0x080030f8                __ssputs_r
 .text._svfprintf_r
                0x080031b8      0x1f8 /home/sano/project/gateway/tool/arm-gnu-toolchain-14.2.rel1-x86_64-arm-none-eabi/bin/../lib/gcc/arm-none-eabi/14.2.1/../../../../arm-none-eabi/lib/thumb/v7-m/nofp/libc_nano.a(libc_a-nano-svfprintf.o)
                0x080031b8                _svfprintf_r
                0x080031b8                _svfiprintf_r
 .text._printf_common
                0x080033b0       0xe4 /home/sano/project/gateway/tool/arm-gnu-toolchain-14.2.rel1-x86_64-arm-none-eabi/bin/../lib/gcc/arm-none-eabi/14.2.1/../../../../arm-none-eabi/lib/thumb/v7-m/nofp/libc_nano.a(libc_a-nano-vfprintf_i.o)
                0x080033b0                _printf_common
 .text._printf_i
                0x08003494      0x240 /home/sano/project/gateway/tool/arm-gnu-toolchain-14.2.rel1-x86_64-arm-none-eabi/bin/../lib/gcc/arm-none-eabi/14.2.1/../../../../arm-none-eabi/lib/thumb/v7-m/nofp/libc_nano.a(libc_a-nano-vfprintf_i.o)
                0x08003494                _printf_i
 .text.memmove  0x080036d4       0x32 /home/sano/project/gateway/tool/arm-gnu-toolchain-14.2.rel1-x86_64-arm-none-eabi/bin/../lib/gcc/arm-none-eabi/14.2.1/../../../../arm-none-eabi/lib/thumb/v7-m/nofp/libc_nano.a(libc_a-memmove.o)
                0x080036d4                memmove
 *fill*         0x08003706        0x2 
 .text._sbrk_r  0x08003708       0x20 /home/sano/project/gateway/tool/arm-gnu-toolchain-14.2.rel1-x86_64-arm-none-eabi/bin/../lib/gcc/arm-none-eabi/14.2.1/../../../../arm-none-eabi/lib/thumb/v7-m/nofp/libc_nano.a(libc_a-sbrkr.o)
                0x08003708                _sbrk_r
 .text.memchr   0x08003728       0x1c /home/sano/project/gateway/tool/arm-gnu-toolchain-14.2.rel1-x86_64-arm-none-eabi/bin/../lib/gcc/arm-none-eabi/14.2.1/../../../../arm-none-eabi/lib/thumb/v7-m/nofp/libc_nano.a(libc_a-memchr-stub.o)
                0x08003728                memchr
 .text._realloc_r
                0x08003744       0x5c /home/sano/project/gateway/tool/arm-gnu-toolchain-14.2.rel1-x86_64-arm-none-eabi/bin/../lib/gcc/arm-none-eabi/14.2.1/../../../../arm-none-eabi/lib/thumb/v7-m/nofp/libc_nano.a(libc_a-reallocr.o)
                0x08003744                _realloc_r
 .text._malloc_usable_size_r
                0x080037a0       0x10 /home/sano/project/gateway/tool/arm-gnu-toolchain-14.2.rel1-x86_64-arm-none-eabi/bin/../lib/gcc/arm-none-eabi/14.2.1/../../../../arm-none-eabi/lib/thumb/v7-m/nofp/libc_nano.a(libc_a-msizer.o)
                0x080037a0                _malloc_usable_size_r
 .text._sbrk    0x080037b0       0x1c /home/sano/project/gateway/tool/arm-gnu-toolchain-14.2.rel1-x86_64-arm-none-eabi/bin/../lib/gcc/arm-none-eabi/14.2.1/../../../../arm-none-eabi/lib/thumb/v7-m/nofp/libnosys.a(sbrk.o)
                0x080037b0                _sbrk
 *(.glue_7)
 .glue_7        0x080037cc        0x0 linker stubs
 *(.glue_7t)
 .glue_7t       0x080037cc        0x0 linker stubs
 *(.eh_frame)
 .eh_frame      0x080037cc        0x0 /home/sano/project/gateway/tool/arm-gnu-toolchain-14.2.rel1-x86_64-arm-none-eabi/bin/../lib/gcc/arm-none-eabi/14.2.1/thumb/v7-m/nofp/crtbegin.o
 *(.init)
 .init          0x080037cc        0x4 /home/sano/project/gateway/tool/arm-gnu-toolchain-14.2.rel1-x86_64-arm-none-eabi/bin/../lib/gcc/arm-none-eabi/14.2.1/thumb/v7-m/nofp/crti.o
                0x080037cc                _init
 .init          0x080037d0        0x8 /home/sano/project/gateway/tool/arm-gnu-toolchain-14.2.rel1-x86_64-arm-none-eabi/bin/../lib/gcc/arm-none-eabi/14.2.1/thumb/v7-m/nofp/crtn.o
 *(.fini)
 .fini          0x080037d8        0x4 /home/sano/project/gateway/tool/arm-gnu-toolchain-14.2.rel1-x86_64-arm-none-eabi/bin/../lib/gcc/arm-none-eabi/14.2.1/thumb/v7-m/nofp/crti.o
                0x080037d8                _fini
 .fini          0x080037dc        0x8 /home/sano/project/gateway/tool/arm-gnu-toolchain-14.2.rel1-x86_64-arm-none-eabi/bin/../lib/gcc/arm-none-eabi/14.2.1/thumb/v7-m/nofp/crtn.o
                0x080037e4                        . = ALIGN (0x4)
                0x080037e4                        _etext = .

.vfp11_veneer   0x080037e4        0x0
 .vfp11_veneer  0x080037e4        0x0 linker stubs

.v4_bx          0x080037e4        0x0
 .v4_bx         0x080037e4        0x0 linker stubs

.iplt           0x080037e4        0x0
 .iplt          0x080037e4        0x0 /home/sano/project/gateway/tool/arm-gnu-toolchain-14.2.rel1-x86_64-arm-none-eabi/bin/../lib/gcc/arm-none-eabi/14.2.1/thumb/v7-m/nofp/crtbegin.o

.rodata         0x080037e4       0xa4
                0x080037e4                        . = ALIGN (0x4)
 *(.rodata)
 *(.rodata*)
 .rodata.main.str1.4
                0x080037e4       0x44 build/main.o
 .rodata.aPredivFactorTable.0
                0x08003828        0x2 build/stm32f1xx_hal_rcc.o
 *fill*         0x0800382a        0x2 
 .rodata.aPLLMULFactorTable.1
                0x0800382c       0x10 build/stm32f1xx_hal_rcc.o
 .rodata.APBPrescTable
                0x0800383c        0x8 build/system_stm32f1xx.o
                0x0800383c                APBPrescTable
 .rodata.AHBPrescTable
                0x08003844       0x10 build/system_stm32f1xx.o
                0x08003844                AHBPrescTable
 .rodata._svfprintf_r.str1.1
                0x08003854       0x33 /home/sano/project/gateway/tool/arm-gnu-toolchain-14.2.rel1-x86_64-arm-none-eabi/bin/../lib/gcc/arm-none-eabi/14.2.1/../../../../arm-none-eabi/lib/thumb/v7-m/nofp/libc_nano.a(libc_a-nano-svfprintf.o)
                                 0x11 (size before relaxing)
 .rodata._printf_i.str1.1
                0x08003887       0x22 /home/sano/project/gateway/tool/arm-gnu-toolchain-14.2.rel1-x86_64-arm-none-eabi/bin/../lib/gcc/arm-none-eabi/14.2.1/../../../../arm-none-eabi/lib/thumb/v7-m/nofp/libc_nano.a(libc_a-nano-vfprintf_i.o)
                0x080038ac                        . = ALIGN (0x4)
 *fill*         0x08003887        0x1 

.ARM.extab      0x08003888        0x0
                0x08003888                        . = ALIGN (0x4)
 *(.ARM.extab* .gnu.linkonce.armextab.*)
                0x08003888                        . = ALIGN (0x4)

.ARM            0x08003888        0x8
                0x08003888                        . = ALIGN (0x4)
                0x08003888                        __exidx_start = .
 *(.ARM.exidx*)
 .ARM.exidx     0x08003888        0x8 /home/sano/project/gateway/tool/arm-gnu-toolchain-14.2.rel1-x86_64-arm-none-eabi/bin/../lib/gcc/arm-none-eabi/14.2.1/../../../../arm-none-eabi/lib/thumb/v7-m/nofp/libc_nano.a(libc_a-strlen.o)
                0x08003890                        __exidx_end = .
                0x08003890                        . = ALIGN (0x4)

.preinit_array  0x08003890        0x0
                0x08003890                        . = ALIGN (0x4)
                0x08003890                        PROVIDE (__preinit_array_start = .)
 *(.preinit_array*)
                0x08003890                        PROVIDE (__preinit_array_end = .)
                0x08003890                        . = ALIGN (0x4)

.init_array     0x08003890        0x4
                0x08003890                        . = ALIGN (0x4)
                0x08003890                        PROVIDE (__init_array_start = .)
 *(SORT_BY_NAME(.init_array.*))
 *(.init_array*)
 .init_array    0x08003890        0x4 /home/sano/project/gateway/tool/arm-gnu-toolchain-14.2.rel1-x86_64-arm-none-eabi/bin/../lib/gcc/arm-none-eabi/14.2.1/thumb/v7-m/nofp/crtbegin.o
                0x08003894                        PROVIDE (__init_array_end = .)
                0x08003894                        . = ALIGN (0x4)

.fini_array     0x08003894        0x4
                0x08003894                        . = ALIGN (0x4)
                [!provide]                        PROVIDE (__fini_array_start = .)
 *(SORT_BY_NAME(.fini_array.*))
 *(.fini_array*)
 .fini_array    0x08003894        0x4 /home/sano/project/gateway/tool/arm-gnu-toolchain-14.2.rel1-x86_64-arm-none-eabi/bin/../lib/gcc/arm-none-eabi/14.2.1/thumb/v7-m/nofp/crtbegin.o
                [!provide]                        PROVIDE (__fini_array_end = .)
                0x08003898                        . = ALIGN (0x4)
                0x08003898                        _sidata = LOADADDR (.data)

.rel.dyn        0x08003898        0x0
 .rel.iplt      0x08003898        0x0 /home/sano/project/gateway/tool/arm-gnu-toolchain-14.2.rel1-x86_64-arm-none-eabi/bin/../lib/gcc/arm-none-eabi/14.2.1/thumb/v7-m/nofp/crtbegin.o

.data           0x20000000       0x7c load address 0x08003898
                0x20000000                        . = ALIGN (0x4)
                0x20000000                        _sdata = .
 *(.data)
 *(.data*)
 .data.ID       0x20000000       0x14 build/main.o
                0x20000000                ID
 .data.uwTickFreq
                0x20000014        0x1 build/stm32f1xx_hal.o
                0x20000014                uwTickFreq
 *fill*         0x20000015        0x3 
 .data.uwTickPrio
                0x20000018        0x4 build/stm32f1xx_hal.o
                0x20000018                uwTickPrio
 .data.SystemCoreClock
                0x2000001c        0x4 build/system_stm32f1xx.o
                0x2000001c                SystemCoreClock
 .data.rst_buf  0x20000020        0x4 build/pzem.o
                0x20000020                rst_buf
 .data.buf      0x20000024        0x8 build/pzem.o
                0x20000024                buf
 .data._impure_ptr
                0x2000002c        0x4 /home/sano/project/gateway/tool/arm-gnu-toolchain-14.2.rel1-x86_64-arm-none-eabi/bin/../lib/gcc/arm-none-eabi/14.2.1/../../../../arm-none-eabi/lib/thumb/v7-m/nofp/libc_nano.a(libc_a-impure.o)
                0x2000002c                _impure_ptr
 .data._impure_data
                0x20000030       0x4c /home/sano/project/gateway/tool/arm-gnu-toolchain-14.2.rel1-x86_64-arm-none-eabi/bin/../lib/gcc/arm-none-eabi/14.2.1/../../../../arm-none-eabi/lib/thumb/v7-m/nofp/libc_nano.a(libc_a-impure.o)
                0x20000030                _impure_data
 *(.RamFunc)
 *(.RamFunc*)
                0x2000007c                        . = ALIGN (0x4)
                0x2000007c                        _edata = .

.tm_clone_table
                0x2000007c        0x0 load address 0x08003914
 .tm_clone_table
                0x2000007c        0x0 /home/sano/project/gateway/tool/arm-gnu-toolchain-14.2.rel1-x86_64-arm-none-eabi/bin/../lib/gcc/arm-none-eabi/14.2.1/thumb/v7-m/nofp/crtbegin.o
 .tm_clone_table
                0x2000007c        0x0 /home/sano/project/gateway/tool/arm-gnu-toolchain-14.2.rel1-x86_64-arm-none-eabi/bin/../lib/gcc/arm-none-eabi/14.2.1/thumb/v7-m/nofp/crtend.o

.igot.plt       0x2000007c        0x0 load address 0x08003914
 .igot.plt      0x2000007c        0x0 /home/sano/project/gateway/tool/arm-gnu-toolchain-14.2.rel1-x86_64-arm-none-eabi/bin/../lib/gcc/arm-none-eabi/14.2.1/thumb/v7-m/nofp/crtbegin.o
                0x2000007c                        . = ALIGN (0x4)

.bss            0x2000007c      0x3fc load address 0x08003914
                0x2000007c                        _sbss = .
                0x2000007c                        __bss_start__ = _sbss
 *(.bss)
 *(.bss*)
 .bss.completed.1
                0x2000007c        0x1 /home/sano/project/gateway/tool/arm-gnu-toolchain-14.2.rel1-x86_64-arm-none-eabi/bin/../lib/gcc/arm-none-eabi/14.2.1/thumb/v7-m/nofp/crtbegin.o
 *fill*         0x2000007d        0x3 
 .bss.object.0  0x20000080       0x18 /home/sano/project/gateway/tool/arm-gnu-toolchain-14.2.rel1-x86_64-arm-none-eabi/bin/../lib/gcc/arm-none-eabi/14.2.1/thumb/v7-m/nofp/crtbegin.o
 .bss.PzemData  0x20000098       0x1c build/main.o
                0x20000098                PzemData
 .bss._flag     0x200000b4        0x1 build/main.o
                0x200000b4                _flag
 *fill*         0x200000b5        0x3 
 .bss.loraPacket
                0x200000b8       0x80 build/main.o
                0x200000b8                loraPacket
 .bss.loraMessage
                0x20000138       0x80 build/main.o
                0x20000138                loraMessage
 .bss.Power     0x200001b8        0x4 build/main.o
                0x200001b8                Power
 .bss.Current   0x200001bc        0x4 build/main.o
                0x200001bc                Current
 .bss.Voltage   0x200001c0        0x4 build/main.o
                0x200001c0                Voltage
 .bss.Energy    0x200001c4        0x4 build/main.o
                0x200001c4                Energy
 .bss.Humidity  0x200001c8        0x4 build/main.o
                0x200001c8                Humidity
 .bss.Temperature
                0x200001cc        0x4 build/main.o
                0x200001cc                Temperature
 .bss.rxData    0x200001d0        0x1 build/main.o
                0x200001d0                rxData
 *fill*         0x200001d1        0x3 
 .bss.RH        0x200001d4        0x4 build/main.o
                0x200001d4                RH
 .bss.Temp      0x200001d8        0x4 build/main.o
                0x200001d8                Temp
 .bss.cMillis   0x200001dc        0x4 build/main.o
                0x200001dc                cMillis
 .bss.pMillis   0x200001e0        0x4 build/main.o
                0x200001e0                pMillis
 .bss.CHECK     0x200001e4        0x1 build/main.o
                0x200001e4                CHECK
 .bss.SUM       0x200001e5        0x1 build/main.o
                0x200001e5                SUM
 .bss.TC2       0x200001e6        0x1 build/main.o
                0x200001e6                TC2
 .bss.TC1       0x200001e7        0x1 build/main.o
                0x200001e7                TC1
 .bss.RH2       0x200001e8        0x1 build/main.o
                0x200001e8                RH2
 .bss.RH1       0x200001e9        0x1 build/main.o
                0x200001e9                RH1
 *fill*         0x200001ea        0x2 
 .bss.huart2    0x200001ec       0x48 build/main.o
                0x200001ec                huart2
 .bss.huart1    0x20000234       0x48 build/main.o
                0x20000234                huart1
 .bss.htim4     0x2000027c       0x48 build/main.o
                0x2000027c                htim4
 .bss.uwTick    0x200002c4        0x4 build/stm32f1xx_hal.o
                0x200002c4                uwTick
 .bss.uart      0x200002c8       0x48 build/pzem.o
                0x200002c8                uart
 .bss.res_buf   0x20000310       0x19 build/pzem.o
                0x20000310                res_buf
 *fill*         0x20000329        0x3 
 .bss.__sf      0x2000032c      0x138 /home/sano/project/gateway/tool/arm-gnu-toolchain-14.2.rel1-x86_64-arm-none-eabi/bin/../lib/gcc/arm-none-eabi/14.2.1/../../../../arm-none-eabi/lib/thumb/v7-m/nofp/libc_nano.a(libc_a-findfp.o)
                0x2000032c                __sf
 .bss.errno     0x20000464        0x4 /home/sano/project/gateway/tool/arm-gnu-toolchain-14.2.rel1-x86_64-arm-none-eabi/bin/../lib/gcc/arm-none-eabi/14.2.1/../../../../arm-none-eabi/lib/thumb/v7-m/nofp/libc_nano.a(libc_a-reent.o)
                0x20000464                errno
 .bss.__lock___malloc_recursive_mutex
                0x20000468        0x1 /home/sano/project/gateway/tool/arm-gnu-toolchain-14.2.rel1-x86_64-arm-none-eabi/bin/../lib/gcc/arm-none-eabi/14.2.1/../../../../arm-none-eabi/lib/thumb/v7-m/nofp/libc_nano.a(libc_a-lock.o)
                0x20000468                __lock___malloc_recursive_mutex
 *fill*         0x20000469        0x3 
 .bss.__malloc_sbrk_start
                0x2000046c        0x4 /home/sano/project/gateway/tool/arm-gnu-toolchain-14.2.rel1-x86_64-arm-none-eabi/bin/../lib/gcc/arm-none-eabi/14.2.1/../../../../arm-none-eabi/lib/thumb/v7-m/nofp/libc_nano.a(libc_a-mallocr.o)
                0x2000046c                __malloc_sbrk_start
 .bss.__malloc_free_list
                0x20000470        0x4 /home/sano/project/gateway/tool/arm-gnu-toolchain-14.2.rel1-x86_64-arm-none-eabi/bin/../lib/gcc/arm-none-eabi/14.2.1/../../../../arm-none-eabi/lib/thumb/v7-m/nofp/libc_nano.a(libc_a-mallocr.o)
                0x20000470                __malloc_free_list
 .bss.heap_end.0
                0x20000474        0x4 /home/sano/project/gateway/tool/arm-gnu-toolchain-14.2.rel1-x86_64-arm-none-eabi/bin/../lib/gcc/arm-none-eabi/14.2.1/../../../../arm-none-eabi/lib/thumb/v7-m/nofp/libnosys.a(sbrk.o)
 *(COMMON)
                0x20000478                        . = ALIGN (0x4)
                0x20000478                        _ebss = .
                0x20000478                        __bss_end__ = _ebss

._user_heap_stack
                0x20000478      0x600 load address 0x08003914
                0x20000478                        . = ALIGN (0x8)
                0x20000478                        PROVIDE (end = .)
                [!provide]                        PROVIDE (_end = .)
                0x20000678                        . = (. + _Min_Heap_Size)
 *fill*         0x20000478      0x200 
                0x20000a78                        . = (. + _Min_Stack_Size)
 *fill*         0x20000678      0x400 
                0x20000a78                        . = ALIGN (0x8)

/DISCARD/
 libc.a(*)
 libm.a(*)
 libgcc.a(*)
OUTPUT(build/gateway.elf elf32-littlearm)
LOAD linker stubs
LOAD /home/sano/project/gateway/tool/arm-gnu-toolchain-14.2.rel1-x86_64-arm-none-eabi/bin/../lib/gcc/arm-none-eabi/14.2.1/../../../../arm-none-eabi/lib/thumb/v7-m/nofp/libc.a
LOAD /home/sano/project/gateway/tool/arm-gnu-toolchain-14.2.rel1-x86_64-arm-none-eabi/bin/../lib/gcc/arm-none-eabi/14.2.1/../../../../arm-none-eabi/lib/thumb/v7-m/nofp/libm.a
LOAD /home/sano/project/gateway/tool/arm-gnu-toolchain-14.2.rel1-x86_64-arm-none-eabi/bin/../lib/gcc/arm-none-eabi/14.2.1/thumb/v7-m/nofp/libgcc.a

.ARM.attributes
                0x00000000       0x29
 .ARM.attributes
                0x00000000       0x1d /home/sano/project/gateway/tool/arm-gnu-toolchain-14.2.rel1-x86_64-arm-none-eabi/bin/../lib/gcc/arm-none-eabi/14.2.1/thumb/v7-m/nofp/crti.o
 .ARM.attributes
                0x0000001d       0x2d /home/sano/project/gateway/tool/arm-gnu-toolchain-14.2.rel1-x86_64-arm-none-eabi/bin/../lib/gcc/arm-none-eabi/14.2.1/thumb/v7-m/nofp/crtbegin.o
 .ARM.attributes
                0x0000004a       0x2d build/main.o
 .ARM.attributes
                0x00000077       0x2d build/stm32f1xx_it.o
 .ARM.attributes
                0x000000a4       0x2d build/stm32f1xx_hal_msp.o
 .ARM.attributes
                0x000000d1       0x2d build/stm32f1xx_hal.o
 .ARM.attributes
                0x000000fe       0x2d build/stm32f1xx_hal_rcc.o
 .ARM.attributes
                0x0000012b       0x2d build/stm32f1xx_hal_gpio.o
 .ARM.attributes
                0x00000158       0x2d build/stm32f1xx_hal_dma.o
 .ARM.attributes
                0x00000185       0x2d build/stm32f1xx_hal_cortex.o
 .ARM.attributes
                0x000001b2       0x2d build/system_stm32f1xx.o
 .ARM.attributes
                0x000001df       0x2d build/stm32f1xx_hal_tim.o
 .ARM.attributes
                0x0000020c       0x2d build/stm32f1xx_hal_tim_ex.o
 .ARM.attributes
                0x00000239       0x2d build/stm32f1xx_hal_uart.o
 .ARM.attributes
                0x00000266       0x2d build/pzem.o
 .ARM.attributes
                0x00000293       0x21 build/startup_stm32f103xb.o
 .ARM.attributes
                0x000002b4       0x2d /home/sano/project/gateway/tool/arm-gnu-toolchain-14.2.rel1-x86_64-arm-none-eabi/bin/../lib/gcc/arm-none-eabi/14.2.1/../../../../arm-none-eabi/lib/thumb/v7-m/nofp/libc_nano.a(libc_a-findfp.o)
 .ARM.attributes
                0x000002e1       0x2d /home/sano/project/gateway/tool/arm-gnu-toolchain-14.2.rel1-x86_64-arm-none-eabi/bin/../lib/gcc/arm-none-eabi/14.2.1/../../../../arm-none-eabi/lib/thumb/v7-m/nofp/libc_nano.a(libc_a-sprintf.o)
 .ARM.attributes
                0x0000030e       0x2d /home/sano/project/gateway/tool/arm-gnu-toolchain-14.2.rel1-x86_64-arm-none-eabi/bin/../lib/gcc/arm-none-eabi/14.2.1/../../../../arm-none-eabi/lib/thumb/v7-m/nofp/libc_nano.a(libc_a-memset.o)
 .ARM.attributes
                0x0000033b       0x2d /home/sano/project/gateway/tool/arm-gnu-toolchain-14.2.rel1-x86_64-arm-none-eabi/bin/../lib/gcc/arm-none-eabi/14.2.1/../../../../arm-none-eabi/lib/thumb/v7-m/nofp/libc_nano.a(libc_a-reent.o)
 .ARM.attributes
                0x00000368       0x2d /home/sano/project/gateway/tool/arm-gnu-toolchain-14.2.rel1-x86_64-arm-none-eabi/bin/../lib/gcc/arm-none-eabi/14.2.1/../../../../arm-none-eabi/lib/thumb/v7-m/nofp/libc_nano.a(libc_a-impure.o)
 .ARM.attributes
                0x00000395       0x2d /home/sano/project/gateway/tool/arm-gnu-toolchain-14.2.rel1-x86_64-arm-none-eabi/bin/../lib/gcc/arm-none-eabi/14.2.1/../../../../arm-none-eabi/lib/thumb/v7-m/nofp/libc_nano.a(libc_a-init.o)
 .ARM.attributes
                0x000003c2       0x2d /home/sano/project/gateway/tool/arm-gnu-toolchain-14.2.rel1-x86_64-arm-none-eabi/bin/../lib/gcc/arm-none-eabi/14.2.1/../../../../arm-none-eabi/lib/thumb/v7-m/nofp/libc_nano.a(libc_a-lock.o)
 .ARM.attributes
                0x000003ef       0x2d /home/sano/project/gateway/tool/arm-gnu-toolchain-14.2.rel1-x86_64-arm-none-eabi/bin/../lib/gcc/arm-none-eabi/14.2.1/../../../../arm-none-eabi/lib/thumb/v7-m/nofp/libc_nano.a(libc_a-memcpy-stub.o)
 .ARM.attributes
                0x0000041c       0x17 /home/sano/project/gateway/tool/arm-gnu-toolchain-14.2.rel1-x86_64-arm-none-eabi/bin/../lib/gcc/arm-none-eabi/14.2.1/../../../../arm-none-eabi/lib/thumb/v7-m/nofp/libc_nano.a(libc_a-strlen.o)
 .ARM.attributes
                0x00000433       0x2d /home/sano/project/gateway/tool/arm-gnu-toolchain-14.2.rel1-x86_64-arm-none-eabi/bin/../lib/gcc/arm-none-eabi/14.2.1/../../../../arm-none-eabi/lib/thumb/v7-m/nofp/libc_nano.a(libc_a-freer.o)
 .ARM.attributes
                0x00000460       0x2d /home/sano/project/gateway/tool/arm-gnu-toolchain-14.2.rel1-x86_64-arm-none-eabi/bin/../lib/gcc/arm-none-eabi/14.2.1/../../../../arm-none-eabi/lib/thumb/v7-m/nofp/libc_nano.a(libc_a-mallocr.o)
 .ARM.attributes
                0x0000048d       0x2d /home/sano/project/gateway/tool/arm-gnu-toolchain-14.2.rel1-x86_64-arm-none-eabi/bin/../lib/gcc/arm-none-eabi/14.2.1/../../../../arm-none-eabi/lib/thumb/v7-m/nofp/libc_nano.a(libc_a-mlock.o)
 .ARM.attributes
                0x000004ba       0x2d /home/sano/project/gateway/tool/arm-gnu-toolchain-14.2.rel1-x86_64-arm-none-eabi/bin/../lib/gcc/arm-none-eabi/14.2.1/../../../../arm-none-eabi/lib/thumb/v7-m/nofp/libc_nano.a(libc_a-nano-svfprintf.o)
 .ARM.attributes
                0x000004e7       0x2d /home/sano/project/gateway/tool/arm-gnu-toolchain-14.2.rel1-x86_64-arm-none-eabi/bin/../lib/gcc/arm-none-eabi/14.2.1/../../../../arm-none-eabi/lib/thumb/v7-m/nofp/libc_nano.a(libc_a-nano-vfprintf_i.o)
 .ARM.attributes
                0x00000514       0x2d /home/sano/project/gateway/tool/arm-gnu-toolchain-14.2.rel1-x86_64-arm-none-eabi/bin/../lib/gcc/arm-none-eabi/14.2.1/../../../../arm-none-eabi/lib/thumb/v7-m/nofp/libc_nano.a(libc_a-memmove.o)
 .ARM.attributes
                0x00000541       0x2d /home/sano/project/gateway/tool/arm-gnu-toolchain-14.2.rel1-x86_64-arm-none-eabi/bin/../lib/gcc/arm-none-eabi/14.2.1/../../../../arm-none-eabi/lib/thumb/v7-m/nofp/libc_nano.a(libc_a-sbrkr.o)
 .ARM.attributes
                0x0000056e       0x2d /home/sano/project/gateway/tool/arm-gnu-toolchain-14.2.rel1-x86_64-arm-none-eabi/bin/../lib/gcc/arm-none-eabi/14.2.1/../../../../arm-none-eabi/lib/thumb/v7-m/nofp/libc_nano.a(libc_a-memchr-stub.o)
 .ARM.attributes
                0x0000059b       0x2d /home/sano/project/gateway/tool/arm-gnu-toolchain-14.2.rel1-x86_64-arm-none-eabi/bin/../lib/gcc/arm-none-eabi/14.2.1/../../../../arm-none-eabi/lib/thumb/v7-m/nofp/libc_nano.a(libc_a-reallocr.o)
 .ARM.attributes
                0x000005c8       0x2d /home/sano/project/gateway/tool/arm-gnu-toolchain-14.2.rel1-x86_64-arm-none-eabi/bin/../lib/gcc/arm-none-eabi/14.2.1/../../../../arm-none-eabi/lib/thumb/v7-m/nofp/libc_nano.a(libc_a-msizer.o)
 .ARM.attributes
                0x000005f5       0x2d /home/sano/project/gateway/tool/arm-gnu-toolchain-14.2.rel1-x86_64-arm-none-eabi/bin/../lib/gcc/arm-none-eabi/14.2.1/../../../../arm-none-eabi/lib/thumb/v7-m/nofp/libnosys.a(sbrk.o)
 .ARM.attributes
                0x00000622       0x1d /home/sano/project/gateway/tool/arm-gnu-toolchain-14.2.rel1-x86_64-arm-none-eabi/bin/../lib/gcc/arm-none-eabi/14.2.1/thumb/v7-m/nofp/libgcc.a(_arm_addsubdf3.o)
 .ARM.attributes
                0x0000063f       0x1d /home/sano/project/gateway/tool/arm-gnu-toolchain-14.2.rel1-x86_64-arm-none-eabi/bin/../lib/gcc/arm-none-eabi/14.2.1/thumb/v7-m/nofp/libgcc.a(_arm_muldivdf3.o)
 .ARM.attributes
                0x0000065c       0x1d /home/sano/project/gateway/tool/arm-gnu-toolchain-14.2.rel1-x86_64-arm-none-eabi/bin/../lib/gcc/arm-none-eabi/14.2.1/thumb/v7-m/nofp/libgcc.a(_arm_truncdfsf2.o)
 .ARM.attributes
                0x00000679       0x1d /home/sano/project/gateway/tool/arm-gnu-toolchain-14.2.rel1-x86_64-arm-none-eabi/bin/../lib/gcc/arm-none-eabi/14.2.1/thumb/v7-m/nofp/libgcc.a(_arm_addsubsf3.o)
 .ARM.attributes
                0x00000696       0x1d /home/sano/project/gateway/tool/arm-gnu-toolchain-14.2.rel1-x86_64-arm-none-eabi/bin/../lib/gcc/arm-none-eabi/14.2.1/thumb/v7-m/nofp/libgcc.a(_arm_muldivsf3.o)
 .ARM.attributes
                0x000006b3       0x1d /home/sano/project/gateway/tool/arm-gnu-toolchain-14.2.rel1-x86_64-arm-none-eabi/bin/../lib/gcc/arm-none-eabi/14.2.1/thumb/v7-m/nofp/libgcc.a(_arm_cmpsf2.o)
 .ARM.attributes
                0x000006d0       0x2d /home/sano/project/gateway/tool/arm-gnu-toolchain-14.2.rel1-x86_64-arm-none-eabi/bin/../lib/gcc/arm-none-eabi/14.2.1/thumb/v7-m/nofp/crtend.o
 .ARM.attributes
                0x000006fd       0x1d /home/sano/project/gateway/tool/arm-gnu-toolchain-14.2.rel1-x86_64-arm-none-eabi/bin/../lib/gcc/arm-none-eabi/14.2.1/thumb/v7-m/nofp/crtn.o

.comment        0x00000000       0x45
 .comment       0x00000000       0x45 build/main.o
                                 0x46 (size before relaxing)
 .comment       0x00000045       0x46 build/stm32f1xx_it.o
 .comment       0x00000045       0x46 build/stm32f1xx_hal_msp.o
 .comment       0x00000045       0x46 build/stm32f1xx_hal.o
 .comment       0x00000045       0x46 build/stm32f1xx_hal_rcc.o
 .comment       0x00000045       0x46 build/stm32f1xx_hal_gpio.o
 .comment       0x00000045       0x46 build/stm32f1xx_hal_dma.o
 .comment       0x00000045       0x46 build/stm32f1xx_hal_cortex.o
 .comment       0x00000045       0x46 build/system_stm32f1xx.o
 .comment       0x00000045       0x46 build/stm32f1xx_hal_tim.o
 .comment       0x00000045       0x46 build/stm32f1xx_hal_tim_ex.o
 .comment       0x00000045       0x46 build/stm32f1xx_hal_uart.o
 .comment       0x00000045       0x46 build/pzem.o

.debug_info     0x00000000    0x11163
 .debug_info    0x00000000     0x1acb build/main.o
 .debug_info    0x00001acb      0x6f9 build/stm32f1xx_it.o
 .debug_info    0x000021c4      0xfef build/stm32f1xx_hal_msp.o
 .debug_info    0x000031b3      0x880 build/stm32f1xx_hal.o
 .debug_info    0x00003a33      0xb10 build/stm32f1xx_hal_rcc.o
 .debug_info    0x00004543      0x6d7 build/stm32f1xx_hal_gpio.o
 .debug_info    0x00004c1a      0x8d5 build/stm32f1xx_hal_dma.o
 .debug_info    0x000054ef      0xe3f build/stm32f1xx_hal_cortex.o
 .debug_info    0x0000632e      0x26e build/system_stm32f1xx.o
 .debug_info    0x0000659c     0x4146 build/stm32f1xx_hal_tim.o
 .debug_info    0x0000a6e2     0x1d41 build/stm32f1xx_hal_tim_ex.o
 .debug_info    0x0000c423     0x430f build/stm32f1xx_hal_uart.o
 .debug_info    0x00010732      0xa01 build/pzem.o
 .debug_info    0x00011133       0x30 build/startup_stm32f103xb.o

.debug_abbrev   0x00000000     0x208c
 .debug_abbrev  0x00000000      0x37e build/main.o
 .debug_abbrev  0x0000037e      0x172 build/stm32f1xx_it.o
 .debug_abbrev  0x000004f0      0x233 build/stm32f1xx_hal_msp.o
 .debug_abbrev  0x00000723      0x232 build/stm32f1xx_hal.o
 .debug_abbrev  0x00000955      0x2d6 build/stm32f1xx_hal_rcc.o
 .debug_abbrev  0x00000c2b      0x222 build/stm32f1xx_hal_gpio.o
 .debug_abbrev  0x00000e4d      0x261 build/stm32f1xx_hal_dma.o
 .debug_abbrev  0x000010ae      0x3aa build/stm32f1xx_hal_cortex.o
 .debug_abbrev  0x00001458      0x140 build/system_stm32f1xx.o
 .debug_abbrev  0x00001598      0x2bd build/stm32f1xx_hal_tim.o
 .debug_abbrev  0x00001855      0x2b7 build/stm32f1xx_hal_tim_ex.o
 .debug_abbrev  0x00001b0c      0x35f build/stm32f1xx_hal_uart.o
 .debug_abbrev  0x00001e6b      0x204 build/pzem.o
 .debug_abbrev  0x0000206f       0x1d build/startup_stm32f103xb.o

.debug_loc      0x00000000     0xfd3d
 .debug_loc     0x00000000      0x34c build/main.o
 .debug_loc     0x0000034c       0x40 build/stm32f1xx_it.o
 .debug_loc     0x0000038c      0x1b3 build/stm32f1xx_hal_msp.o
 .debug_loc     0x0000053f      0x1f9 build/stm32f1xx_hal.o
 .debug_loc     0x00000738      0x7c6 build/stm32f1xx_hal_rcc.o
 .debug_loc     0x00000efe      0x55f build/stm32f1xx_hal_gpio.o
 .debug_loc     0x0000145d      0x990 build/stm32f1xx_hal_dma.o
 .debug_loc     0x00001ded      0x8b4 build/stm32f1xx_hal_cortex.o
 .debug_loc     0x000026a1      0x11b build/system_stm32f1xx.o
 .debug_loc     0x000027bc     0x6179 build/stm32f1xx_hal_tim.o
 .debug_loc     0x00008935     0x22b2 build/stm32f1xx_hal_tim_ex.o
 .debug_loc     0x0000abe7     0x506e build/stm32f1xx_hal_uart.o
 .debug_loc     0x0000fc55       0xe8 build/pzem.o

.debug_aranges  0x00000000      0xbe8
 .debug_aranges
                0x00000000       0x78 build/main.o
 .debug_aranges
                0x00000078       0x68 build/stm32f1xx_it.o
 .debug_aranges
                0x000000e0       0x40 build/stm32f1xx_hal_msp.o
 .debug_aranges
                0x00000120       0xe0 build/stm32f1xx_hal.o
 .debug_aranges
                0x00000200       0x90 build/stm32f1xx_hal_rcc.o
 .debug_aranges
                0x00000290       0x58 build/stm32f1xx_hal_gpio.o
 .debug_aranges
                0x000002e8       0x80 build/stm32f1xx_hal_dma.o
 .debug_aranges
                0x00000368       0xc0 build/stm32f1xx_hal_cortex.o
 .debug_aranges
                0x00000428       0x28 build/system_stm32f1xx.o
 .debug_aranges
                0x00000450      0x3d0 build/stm32f1xx_hal_tim.o
 .debug_aranges
                0x00000820      0x168 build/stm32f1xx_hal_tim_ex.o
 .debug_aranges
                0x00000988      0x208 build/stm32f1xx_hal_uart.o
 .debug_aranges
                0x00000b90       0x30 build/pzem.o
 .debug_aranges
                0x00000bc0       0x28 build/startup_stm32f103xb.o

.debug_ranges   0x00000000      0xb60
 .debug_ranges  0x00000000       0x80 build/main.o
 .debug_ranges  0x00000080       0x58 build/stm32f1xx_it.o
 .debug_ranges  0x000000d8       0x30 build/stm32f1xx_hal_msp.o
 .debug_ranges  0x00000108       0xd0 build/stm32f1xx_hal.o
 .debug_ranges  0x000001d8       0xa0 build/stm32f1xx_hal_rcc.o
 .debug_ranges  0x00000278       0x48 build/stm32f1xx_hal_gpio.o
 .debug_ranges  0x000002c0       0x70 build/stm32f1xx_hal_dma.o
 .debug_ranges  0x00000330       0xb0 build/stm32f1xx_hal_cortex.o
 .debug_ranges  0x000003e0       0x18 build/system_stm32f1xx.o
 .debug_ranges  0x000003f8      0x3c0 build/stm32f1xx_hal_tim.o
 .debug_ranges  0x000007b8      0x158 build/stm32f1xx_hal_tim_ex.o
 .debug_ranges  0x00000910      0x210 build/stm32f1xx_hal_uart.o
 .debug_ranges  0x00000b20       0x20 build/pzem.o
 .debug_ranges  0x00000b40       0x20 build/startup_stm32f103xb.o

.debug_line     0x00000000     0xd484
 .debug_line    0x00000000      0xa43 build/main.o
 .debug_line    0x00000a43      0x2d2 build/stm32f1xx_it.o
 .debug_line    0x00000d15      0x3ae build/stm32f1xx_hal_msp.o
 .debug_line    0x000010c3      0x54e build/stm32f1xx_hal.o
 .debug_line    0x00001611      0xcd8 build/stm32f1xx_hal_rcc.o
 .debug_line    0x000022e9      0x5e9 build/stm32f1xx_hal_gpio.o
 .debug_line    0x000028d2      0xafe build/stm32f1xx_hal_dma.o
 .debug_line    0x000033d0      0x6c7 build/stm32f1xx_hal_cortex.o
 .debug_line    0x00003a97      0x265 build/system_stm32f1xx.o
 .debug_line    0x00003cfc     0x45c4 build/stm32f1xx_hal_tim.o
 .debug_line    0x000082c0     0x19a0 build/stm32f1xx_hal_tim_ex.o
 .debug_line    0x00009c60     0x34aa build/stm32f1xx_hal_uart.o
 .debug_line    0x0000d10a      0x309 build/pzem.o
 .debug_line    0x0000d413       0x71 build/startup_stm32f103xb.o

.debug_str      0x00000000     0x37ed
 .debug_str     0x00000000     0x37ed build/main.o
                                0xe43 (size before relaxing)
 .debug_str     0x000037ed      0x61f build/stm32f1xx_it.o
 .debug_str     0x000037ed      0xc94 build/stm32f1xx_hal_msp.o
 .debug_str     0x000037ed      0x7f0 build/stm32f1xx_hal.o
 .debug_str     0x000037ed      0x5ed build/stm32f1xx_hal_rcc.o
 .debug_str     0x000037ed      0x3c2 build/stm32f1xx_hal_gpio.o
 .debug_str     0x000037ed      0x5bf build/stm32f1xx_hal_dma.o
 .debug_str     0x000037ed      0x895 build/stm32f1xx_hal_cortex.o
 .debug_str     0x000037ed      0x216 build/system_stm32f1xx.o
 .debug_str     0x000037ed     0x1647 build/stm32f1xx_hal_tim.o
 .debug_str     0x000037ed      0xe53 build/stm32f1xx_hal_tim_ex.o
 .debug_str     0x000037ed      0xcb6 build/stm32f1xx_hal_uart.o
 .debug_str     0x000037ed      0x6af build/pzem.o
 .debug_str     0x000037ed       0x4d build/startup_stm32f103xb.o

.debug_frame    0x00000000     0x27a0
 .debug_frame   0x00000000      0x15c build/main.o
 .debug_frame   0x0000015c       0xc0 build/stm32f1xx_it.o
 .debug_frame   0x0000021c       0x90 build/stm32f1xx_hal_msp.o
 .debug_frame   0x000002ac      0x1cc build/stm32f1xx_hal.o
 .debug_frame   0x00000478      0x184 build/stm32f1xx_hal_rcc.o
 .debug_frame   0x000005fc       0xe4 build/stm32f1xx_hal_gpio.o
 .debug_frame   0x000006e0      0x144 build/stm32f1xx_hal_dma.o
 .debug_frame   0x00000824      0x19c build/stm32f1xx_hal_cortex.o
 .debug_frame   0x000009c0       0x30 build/system_stm32f1xx.o
 .debug_frame   0x000009f0      0xb18 build/stm32f1xx_hal_tim.o
 .debug_frame   0x00001508      0x418 build/stm32f1xx_hal_tim_ex.o
 .debug_frame   0x00001920      0x5dc build/stm32f1xx_hal_uart.o
 .debug_frame   0x00001efc       0x64 build/pzem.o
 .debug_frame   0x00001f60      0x144 /home/sano/project/gateway/tool/arm-gnu-toolchain-14.2.rel1-x86_64-arm-none-eabi/bin/../lib/gcc/arm-none-eabi/14.2.1/../../../../arm-none-eabi/lib/thumb/v7-m/nofp/libc_nano.a(libc_a-findfp.o)
 .debug_frame   0x000020a4       0x74 /home/sano/project/gateway/tool/arm-gnu-toolchain-14.2.rel1-x86_64-arm-none-eabi/bin/../lib/gcc/arm-none-eabi/14.2.1/../../../../arm-none-eabi/lib/thumb/v7-m/nofp/libc_nano.a(libc_a-sprintf.o)
 .debug_frame   0x00002118       0x20 /home/sano/project/gateway/tool/arm-gnu-toolchain-14.2.rel1-x86_64-arm-none-eabi/bin/../lib/gcc/arm-none-eabi/14.2.1/../../../../arm-none-eabi/lib/thumb/v7-m/nofp/libc_nano.a(libc_a-memset.o)
 .debug_frame   0x00002138       0x38 /home/sano/project/gateway/tool/arm-gnu-toolchain-14.2.rel1-x86_64-arm-none-eabi/bin/../lib/gcc/arm-none-eabi/14.2.1/../../../../arm-none-eabi/lib/thumb/v7-m/nofp/libc_nano.a(libc_a-reent.o)
 .debug_frame   0x00002170       0x2c /home/sano/project/gateway/tool/arm-gnu-toolchain-14.2.rel1-x86_64-arm-none-eabi/bin/../lib/gcc/arm-none-eabi/14.2.1/../../../../arm-none-eabi/lib/thumb/v7-m/nofp/libc_nano.a(libc_a-init.o)
 .debug_frame   0x0000219c       0xb0 /home/sano/project/gateway/tool/arm-gnu-toolchain-14.2.rel1-x86_64-arm-none-eabi/bin/../lib/gcc/arm-none-eabi/14.2.1/../../../../arm-none-eabi/lib/thumb/v7-m/nofp/libc_nano.a(libc_a-lock.o)
 .debug_frame   0x0000224c       0x28 /home/sano/project/gateway/tool/arm-gnu-toolchain-14.2.rel1-x86_64-arm-none-eabi/bin/../lib/gcc/arm-none-eabi/14.2.1/../../../../arm-none-eabi/lib/thumb/v7-m/nofp/libc_nano.a(libc_a-memcpy-stub.o)
 .debug_frame   0x00002274       0x20 /home/sano/project/gateway/tool/arm-gnu-toolchain-14.2.rel1-x86_64-arm-none-eabi/bin/../lib/gcc/arm-none-eabi/14.2.1/../../../../arm-none-eabi/lib/thumb/v7-m/nofp/libc_nano.a(libc_a-strlen.o)
 .debug_frame   0x00002294       0x38 /home/sano/project/gateway/tool/arm-gnu-toolchain-14.2.rel1-x86_64-arm-none-eabi/bin/../lib/gcc/arm-none-eabi/14.2.1/../../../../arm-none-eabi/lib/thumb/v7-m/nofp/libc_nano.a(libc_a-freer.o)
 .debug_frame   0x000022cc       0x50 /home/sano/project/gateway/tool/arm-gnu-toolchain-14.2.rel1-x86_64-arm-none-eabi/bin/../lib/gcc/arm-none-eabi/14.2.1/../../../../arm-none-eabi/lib/thumb/v7-m/nofp/libc_nano.a(libc_a-mallocr.o)
 .debug_frame   0x0000231c       0x30 /home/sano/project/gateway/tool/arm-gnu-toolchain-14.2.rel1-x86_64-arm-none-eabi/bin/../lib/gcc/arm-none-eabi/14.2.1/../../../../arm-none-eabi/lib/thumb/v7-m/nofp/libc_nano.a(libc_a-mlock.o)
 .debug_frame   0x0000234c       0x90 /home/sano/project/gateway/tool/arm-gnu-toolchain-14.2.rel1-x86_64-arm-none-eabi/bin/../lib/gcc/arm-none-eabi/14.2.1/../../../../arm-none-eabi/lib/thumb/v7-m/nofp/libc_nano.a(libc_a-nano-svfprintf.o)
 .debug_frame   0x000023dc       0x60 /home/sano/project/gateway/tool/arm-gnu-toolchain-14.2.rel1-x86_64-arm-none-eabi/bin/../lib/gcc/arm-none-eabi/14.2.1/../../../../arm-none-eabi/lib/thumb/v7-m/nofp/libc_nano.a(libc_a-nano-vfprintf_i.o)
 .debug_frame   0x0000243c       0x28 /home/sano/project/gateway/tool/arm-gnu-toolchain-14.2.rel1-x86_64-arm-none-eabi/bin/../lib/gcc/arm-none-eabi/14.2.1/../../../../arm-none-eabi/lib/thumb/v7-m/nofp/libc_nano.a(libc_a-memmove.o)
 .debug_frame   0x00002464       0x2c /home/sano/project/gateway/tool/arm-gnu-toolchain-14.2.rel1-x86_64-arm-none-eabi/bin/../lib/gcc/arm-none-eabi/14.2.1/../../../../arm-none-eabi/lib/thumb/v7-m/nofp/libc_nano.a(libc_a-sbrkr.o)
 .debug_frame   0x00002490       0x28 /home/sano/project/gateway/tool/arm-gnu-toolchain-14.2.rel1-x86_64-arm-none-eabi/bin/../lib/gcc/arm-none-eabi/14.2.1/../../../../arm-none-eabi/lib/thumb/v7-m/nofp/libc_nano.a(libc_a-memchr-stub.o)
 .debug_frame   0x000024b8       0x3c /home/sano/project/gateway/tool/arm-gnu-toolchain-14.2.rel1-x86_64-arm-none-eabi/bin/../lib/gcc/arm-none-eabi/14.2.1/../../../../arm-none-eabi/lib/thumb/v7-m/nofp/libc_nano.a(libc_a-reallocr.o)
 .debug_frame   0x000024f4       0x20 /home/sano/project/gateway/tool/arm-gnu-toolchain-14.2.rel1-x86_64-arm-none-eabi/bin/../lib/gcc/arm-none-eabi/14.2.1/../../../../arm-none-eabi/lib/thumb/v7-m/nofp/libc_nano.a(libc_a-msizer.o)
 .debug_frame   0x00002514       0x20 /home/sano/project/gateway/tool/arm-gnu-toolchain-14.2.rel1-x86_64-arm-none-eabi/bin/../lib/gcc/arm-none-eabi/14.2.1/../../../../arm-none-eabi/lib/thumb/v7-m/nofp/libnosys.a(sbrk.o)
 .debug_frame   0x00002534       0xac /home/sano/project/gateway/tool/arm-gnu-toolchain-14.2.rel1-x86_64-arm-none-eabi/bin/../lib/gcc/arm-none-eabi/14.2.1/thumb/v7-m/nofp/libgcc.a(_arm_addsubdf3.o)
 .debug_frame   0x000025e0       0x50 /home/sano/project/gateway/tool/arm-gnu-toolchain-14.2.rel1-x86_64-arm-none-eabi/bin/../lib/gcc/arm-none-eabi/14.2.1/thumb/v7-m/nofp/libgcc.a(_arm_muldivdf3.o)
 .debug_frame   0x00002630       0x24 /home/sano/project/gateway/tool/arm-gnu-toolchain-14.2.rel1-x86_64-arm-none-eabi/bin/../lib/gcc/arm-none-eabi/14.2.1/thumb/v7-m/nofp/libgcc.a(_arm_truncdfsf2.o)
 .debug_frame   0x00002654       0x4c /home/sano/project/gateway/tool/arm-gnu-toolchain-14.2.rel1-x86_64-arm-none-eabi/bin/../lib/gcc/arm-none-eabi/14.2.1/thumb/v7-m/nofp/libgcc.a(_arm_addsubsf3.o)
 .debug_frame   0x000026a0       0x38 /home/sano/project/gateway/tool/arm-gnu-toolchain-14.2.rel1-x86_64-arm-none-eabi/bin/../lib/gcc/arm-none-eabi/14.2.1/thumb/v7-m/nofp/libgcc.a(_arm_muldivsf3.o)
 .debug_frame   0x000026d8       0xc8 /home/sano/project/gateway/tool/arm-gnu-toolchain-14.2.rel1-x86_64-arm-none-eabi/bin/../lib/gcc/arm-none-eabi/14.2.1/thumb/v7-m/nofp/libgcc.a(_arm_cmpsf2.o)

.debug_line_str
                0x00000000      0x1b0
 .debug_line_str
                0x00000000      0x1b0 /home/sano/project/gateway/tool/arm-gnu-toolchain-14.2.rel1-x86_64-arm-none-eabi/bin/../lib/gcc/arm-none-eabi/14.2.1/../../../../arm-none-eabi/lib/thumb/v7-m/nofp/libc_nano.a(libc_a-strlen.o)
                                 0xe0 (size before relaxing)
 .debug_line_str
                0x000001b0       0xc3 /home/sano/project/gateway/tool/arm-gnu-toolchain-14.2.rel1-x86_64-arm-none-eabi/bin/../lib/gcc/arm-none-eabi/14.2.1/thumb/v7-m/nofp/libgcc.a(_arm_addsubdf3.o)
 .debug_line_str
                0x000001b0       0xc3 /home/sano/project/gateway/tool/arm-gnu-toolchain-14.2.rel1-x86_64-arm-none-eabi/bin/../lib/gcc/arm-none-eabi/14.2.1/thumb/v7-m/nofp/libgcc.a(_arm_muldivdf3.o)
 .debug_line_str
                0x000001b0       0xc3 /home/sano/project/gateway/tool/arm-gnu-toolchain-14.2.rel1-x86_64-arm-none-eabi/bin/../lib/gcc/arm-none-eabi/14.2.1/thumb/v7-m/nofp/libgcc.a(_arm_truncdfsf2.o)
 .debug_line_str
                0x000001b0       0xc3 /home/sano/project/gateway/tool/arm-gnu-toolchain-14.2.rel1-x86_64-arm-none-eabi/bin/../lib/gcc/arm-none-eabi/14.2.1/thumb/v7-m/nofp/libgcc.a(_arm_addsubsf3.o)
 .debug_line_str
                0x000001b0       0xc3 /home/sano/project/gateway/tool/arm-gnu-toolchain-14.2.rel1-x86_64-arm-none-eabi/bin/../lib/gcc/arm-none-eabi/14.2.1/thumb/v7-m/nofp/libgcc.a(_arm_muldivsf3.o)
 .debug_line_str
                0x000001b0       0xc3 /home/sano/project/gateway/tool/arm-gnu-toolchain-14.2.rel1-x86_64-arm-none-eabi/bin/../lib/gcc/arm-none-eabi/14.2.1/thumb/v7-m/nofp/libgcc.a(_arm_cmpsf2.o)

Cross Reference Table

Symbol                                            File
ADC1_2_IRQHandler                                 build/startup_stm32f103xb.o
AHBPrescTable                                     build/system_stm32f1xx.o
                                                  build/stm32f1xx_hal_rcc.o
APBPrescTable                                     build/system_stm32f1xx.o
                                                  build/stm32f1xx_hal_rcc.o
BusFault_Handler                                  build/stm32f1xx_it.o
CAN1_RX1_IRQHandler                               build/startup_stm32f103xb.o
CAN1_SCE_IRQHandler                               build/startup_stm32f103xb.o
CHECK                                             build/main.o
Current                                           build/main.o
DHT22                                             build/main.o
DHT22_Read                                        build/main.o
DHT22_Start                                       build/main.o
DMA1_Channel1_IRQHandler                          build/startup_stm32f103xb.o
DMA1_Channel2_IRQHandler                          build/startup_stm32f103xb.o
DMA1_Channel3_IRQHandler                          build/startup_stm32f103xb.o
DMA1_Channel4_IRQHandler                          build/startup_stm32f103xb.o
DMA1_Channel5_IRQHandler                          build/startup_stm32f103xb.o
DMA1_Channel6_IRQHandler                          build/startup_stm32f103xb.o
DMA1_Channel7_IRQHandler                          build/startup_stm32f103xb.o
DebugMon_Handler                                  build/stm32f1xx_it.o
Default_Handler                                   build/startup_stm32f103xb.o
EXTI0_IRQHandler                                  build/startup_stm32f103xb.o
EXTI15_10_IRQHandler                              build/startup_stm32f103xb.o
EXTI1_IRQHandler                                  build/startup_stm32f103xb.o
EXTI2_IRQHandler                                  build/startup_stm32f103xb.o
EXTI3_IRQHandler                                  build/startup_stm32f103xb.o
EXTI4_IRQHandler                                  build/startup_stm32f103xb.o
EXTI9_5_IRQHandler                                build/startup_stm32f103xb.o
Energy                                            build/main.o
Error_Handler                                     build/main.o
FLASH_IRQHandler                                  build/startup_stm32f103xb.o
FLASH_PageErase                                   build/stm32f1xx_hal_flash_ex.o
                                                  build/stm32f1xx_hal_flash.o
FLASH_WaitForLastOperation                        build/stm32f1xx_hal_flash.o
                                                  build/stm32f1xx_hal_flash_ex.o
HAL_DBGMCU_DisableDBGSleepMode                    build/stm32f1xx_hal.o
HAL_DBGMCU_DisableDBGStandbyMode                  build/stm32f1xx_hal.o
HAL_DBGMCU_DisableDBGStopMode                     build/stm32f1xx_hal.o
HAL_DBGMCU_EnableDBGSleepMode                     build/stm32f1xx_hal.o
HAL_DBGMCU_EnableDBGStandbyMode                   build/stm32f1xx_hal.o
HAL_DBGMCU_EnableDBGStopMode                      build/stm32f1xx_hal.o
HAL_DMA_Abort                                     build/stm32f1xx_hal_dma.o
                                                  build/stm32f1xx_hal_uart.o
HAL_DMA_Abort_IT                                  build/stm32f1xx_hal_dma.o
                                                  build/stm32f1xx_hal_uart.o
                                                  build/stm32f1xx_hal_tim_ex.o
                                                  build/stm32f1xx_hal_tim.o
HAL_DMA_DeInit                                    build/stm32f1xx_hal_dma.o
HAL_DMA_GetError                                  build/stm32f1xx_hal_dma.o
                                                  build/stm32f1xx_hal_uart.o
HAL_DMA_GetState                                  build/stm32f1xx_hal_dma.o
HAL_DMA_IRQHandler                                build/stm32f1xx_hal_dma.o
HAL_DMA_Init                                      build/stm32f1xx_hal_dma.o
HAL_DMA_PollForTransfer                           build/stm32f1xx_hal_dma.o
HAL_DMA_RegisterCallback                          build/stm32f1xx_hal_dma.o
HAL_DMA_Start                                     build/stm32f1xx_hal_dma.o
HAL_DMA_Start_IT                                  build/stm32f1xx_hal_dma.o
                                                  build/stm32f1xx_hal_uart.o
                                                  build/stm32f1xx_hal_tim_ex.o
                                                  build/stm32f1xx_hal_tim.o
HAL_DMA_UnRegisterCallback                        build/stm32f1xx_hal_dma.o
HAL_DeInit                                        build/stm32f1xx_hal.o
HAL_Delay                                         build/stm32f1xx_hal.o
                                                  build/main.o
HAL_EXTI_ClearConfigLine                          build/stm32f1xx_hal_exti.o
HAL_EXTI_ClearPending                             build/stm32f1xx_hal_exti.o
HAL_EXTI_GenerateSWI                              build/stm32f1xx_hal_exti.o
HAL_EXTI_GetConfigLine                            build/stm32f1xx_hal_exti.o
HAL_EXTI_GetHandle                                build/stm32f1xx_hal_exti.o
HAL_EXTI_GetPending                               build/stm32f1xx_hal_exti.o
HAL_EXTI_IRQHandler                               build/stm32f1xx_hal_exti.o
HAL_EXTI_RegisterCallback                         build/stm32f1xx_hal_exti.o
HAL_EXTI_SetConfigLine                            build/stm32f1xx_hal_exti.o
HAL_FLASHEx_Erase                                 build/stm32f1xx_hal_flash_ex.o
HAL_FLASHEx_Erase_IT                              build/stm32f1xx_hal_flash_ex.o
HAL_FLASHEx_OBErase                               build/stm32f1xx_hal_flash_ex.o
HAL_FLASHEx_OBGetConfig                           build/stm32f1xx_hal_flash_ex.o
HAL_FLASHEx_OBGetUserData                         build/stm32f1xx_hal_flash_ex.o
HAL_FLASHEx_OBProgram                             build/stm32f1xx_hal_flash_ex.o
HAL_FLASH_EndOfOperationCallback                  build/stm32f1xx_hal_flash.o
HAL_FLASH_GetError                                build/stm32f1xx_hal_flash.o
HAL_FLASH_IRQHandler                              build/stm32f1xx_hal_flash.o
HAL_FLASH_Lock                                    build/stm32f1xx_hal_flash.o
HAL_FLASH_OB_Launch                               build/stm32f1xx_hal_flash.o
HAL_FLASH_OB_Lock                                 build/stm32f1xx_hal_flash.o
HAL_FLASH_OB_Unlock                               build/stm32f1xx_hal_flash.o
HAL_FLASH_OperationErrorCallback                  build/stm32f1xx_hal_flash.o
HAL_FLASH_Program                                 build/stm32f1xx_hal_flash.o
HAL_FLASH_Program_IT                              build/stm32f1xx_hal_flash.o
HAL_FLASH_Unlock                                  build/stm32f1xx_hal_flash.o
HAL_GPIOEx_ConfigEventout                         build/stm32f1xx_hal_gpio_ex.o
HAL_GPIOEx_DisableEventout                        build/stm32f1xx_hal_gpio_ex.o
HAL_GPIOEx_EnableEventout                         build/stm32f1xx_hal_gpio_ex.o
HAL_GPIO_DeInit                                   build/stm32f1xx_hal_gpio.o
                                                  build/stm32f1xx_hal_msp.o
HAL_GPIO_EXTI_Callback                            build/stm32f1xx_hal_gpio.o
HAL_GPIO_EXTI_IRQHandler                          build/stm32f1xx_hal_gpio.o
HAL_GPIO_Init                                     build/stm32f1xx_hal_gpio.o
                                                  build/stm32f1xx_hal_rcc.o
                                                  build/stm32f1xx_hal_msp.o
                                                  build/main.o
HAL_GPIO_LockPin                                  build/stm32f1xx_hal_gpio.o
HAL_GPIO_ReadPin                                  build/stm32f1xx_hal_gpio.o
                                                  build/main.o
HAL_GPIO_TogglePin                                build/stm32f1xx_hal_gpio.o
                                                  build/main.o
HAL_GPIO_WritePin                                 build/stm32f1xx_hal_gpio.o
                                                  build/main.o
HAL_GetDEVID                                      build/stm32f1xx_hal.o
HAL_GetHalVersion                                 build/stm32f1xx_hal.o
HAL_GetREVID                                      build/stm32f1xx_hal.o
HAL_GetTick                                       build/stm32f1xx_hal.o
                                                  build/stm32f1xx_hal_uart.o
                                                  build/stm32f1xx_hal_flash.o
                                                  build/stm32f1xx_hal_dma.o
                                                  build/stm32f1xx_hal_rcc_ex.o
                                                  build/stm32f1xx_hal_rcc.o
                                                  build/main.o
HAL_GetTickFreq                                   build/stm32f1xx_hal.o
HAL_GetTickPrio                                   build/stm32f1xx_hal.o
HAL_GetUIDw0                                      build/stm32f1xx_hal.o
HAL_GetUIDw1                                      build/stm32f1xx_hal.o
HAL_GetUIDw2                                      build/stm32f1xx_hal.o
HAL_HalfDuplex_EnableReceiver                     build/stm32f1xx_hal_uart.o
HAL_HalfDuplex_EnableTransmitter                  build/stm32f1xx_hal_uart.o
HAL_HalfDuplex_Init                               build/stm32f1xx_hal_uart.o
HAL_IncTick                                       build/stm32f1xx_hal.o
                                                  build/stm32f1xx_it.o
HAL_Init                                          build/stm32f1xx_hal.o
                                                  build/main.o
HAL_InitTick                                      build/stm32f1xx_hal.o
                                                  build/stm32f1xx_hal_rcc.o
HAL_LIN_Init                                      build/stm32f1xx_hal_uart.o
HAL_LIN_SendBreak                                 build/stm32f1xx_hal_uart.o
HAL_MspDeInit                                     build/stm32f1xx_hal.o
HAL_MspInit                                       build/stm32f1xx_hal_msp.o
HAL_MultiProcessor_EnterMuteMode                  build/stm32f1xx_hal_uart.o
HAL_MultiProcessor_ExitMuteMode                   build/stm32f1xx_hal_uart.o
HAL_MultiProcessor_Init                           build/stm32f1xx_hal_uart.o
HAL_NVIC_ClearPendingIRQ                          build/stm32f1xx_hal_cortex.o
HAL_NVIC_DisableIRQ                               build/stm32f1xx_hal_cortex.o
                                                  build/stm32f1xx_hal_msp.o
HAL_NVIC_EnableIRQ                                build/stm32f1xx_hal_cortex.o
                                                  build/stm32f1xx_hal_msp.o
HAL_NVIC_GetActive                                build/stm32f1xx_hal_cortex.o
HAL_NVIC_GetPendingIRQ                            build/stm32f1xx_hal_cortex.o
HAL_NVIC_GetPriority                              build/stm32f1xx_hal_cortex.o
HAL_NVIC_GetPriorityGrouping                      build/stm32f1xx_hal_cortex.o
HAL_NVIC_SetPendingIRQ                            build/stm32f1xx_hal_cortex.o
HAL_NVIC_SetPriority                              build/stm32f1xx_hal_cortex.o
                                                  build/stm32f1xx_hal.o
                                                  build/stm32f1xx_hal_msp.o
HAL_NVIC_SetPriorityGrouping                      build/stm32f1xx_hal_cortex.o
                                                  build/stm32f1xx_hal.o
HAL_NVIC_SystemReset                              build/stm32f1xx_hal_cortex.o
                                                  build/stm32f1xx_hal_flash.o
HAL_PWR_ConfigPVD                                 build/stm32f1xx_hal_pwr.o
HAL_PWR_DeInit                                    build/stm32f1xx_hal_pwr.o
HAL_PWR_DisableBkUpAccess                         build/stm32f1xx_hal_pwr.o
HAL_PWR_DisablePVD                                build/stm32f1xx_hal_pwr.o
HAL_PWR_DisableSEVOnPend                          build/stm32f1xx_hal_pwr.o
HAL_PWR_DisableSleepOnExit                        build/stm32f1xx_hal_pwr.o
HAL_PWR_DisableWakeUpPin                          build/stm32f1xx_hal_pwr.o
HAL_PWR_EnableBkUpAccess                          build/stm32f1xx_hal_pwr.o
HAL_PWR_EnablePVD                                 build/stm32f1xx_hal_pwr.o
HAL_PWR_EnableSEVOnPend                           build/stm32f1xx_hal_pwr.o
HAL_PWR_EnableSleepOnExit                         build/stm32f1xx_hal_pwr.o
HAL_PWR_EnableWakeUpPin                           build/stm32f1xx_hal_pwr.o
HAL_PWR_EnterSLEEPMode                            build/stm32f1xx_hal_pwr.o
HAL_PWR_EnterSTANDBYMode                          build/stm32f1xx_hal_pwr.o
HAL_PWR_EnterSTOPMode                             build/stm32f1xx_hal_pwr.o
HAL_PWR_PVDCallback                               build/stm32f1xx_hal_pwr.o
HAL_PWR_PVD_IRQHandler                            build/stm32f1xx_hal_pwr.o
HAL_RCCEx_GetPeriphCLKConfig                      build/stm32f1xx_hal_rcc_ex.o
HAL_RCCEx_GetPeriphCLKFreq                        build/stm32f1xx_hal_rcc_ex.o
HAL_RCCEx_PeriphCLKConfig                         build/stm32f1xx_hal_rcc_ex.o
HAL_RCC_CSSCallback                               build/stm32f1xx_hal_rcc.o
HAL_RCC_ClockConfig                               build/stm32f1xx_hal_rcc.o
                                                  build/main.o
HAL_RCC_DeInit                                    build/stm32f1xx_hal_rcc.o
HAL_RCC_DisableCSS                                build/stm32f1xx_hal_rcc.o
HAL_RCC_EnableCSS                                 build/stm32f1xx_hal_rcc.o
HAL_RCC_GetClockConfig                            build/stm32f1xx_hal_rcc.o
HAL_RCC_GetHCLKFreq                               build/stm32f1xx_hal_rcc.o
HAL_RCC_GetOscConfig                              build/stm32f1xx_hal_rcc.o
HAL_RCC_GetPCLK1Freq                              build/stm32f1xx_hal_rcc.o
                                                  build/stm32f1xx_hal_uart.o
HAL_RCC_GetPCLK2Freq                              build/stm32f1xx_hal_rcc.o
                                                  build/stm32f1xx_hal_uart.o
                                                  build/stm32f1xx_hal_rcc_ex.o
HAL_RCC_GetSysClockFreq                           build/stm32f1xx_hal_rcc.o
HAL_RCC_MCOConfig                                 build/stm32f1xx_hal_rcc.o
HAL_RCC_NMI_IRQHandler                            build/stm32f1xx_hal_rcc.o
HAL_RCC_OscConfig                                 build/stm32f1xx_hal_rcc.o
                                                  build/main.o
HAL_ResumeTick                                    build/stm32f1xx_hal.o
HAL_SYSTICK_CLKSourceConfig                       build/stm32f1xx_hal_cortex.o
HAL_SYSTICK_Callback                              build/stm32f1xx_hal_cortex.o
HAL_SYSTICK_Config                                build/stm32f1xx_hal_cortex.o
                                                  build/stm32f1xx_hal.o
HAL_SYSTICK_IRQHandler                            build/stm32f1xx_hal_cortex.o
HAL_SetTickFreq                                   build/stm32f1xx_hal.o
HAL_SuspendTick                                   build/stm32f1xx_hal.o
HAL_TIMEx_BreakCallback                           build/stm32f1xx_hal_tim_ex.o
                                                  build/stm32f1xx_hal_tim.o
HAL_TIMEx_CommutCallback                          build/stm32f1xx_hal_tim_ex.o
                                                  build/stm32f1xx_hal_tim.o
HAL_TIMEx_CommutHalfCpltCallback                  build/stm32f1xx_hal_tim_ex.o
HAL_TIMEx_ConfigBreakDeadTime                     build/stm32f1xx_hal_tim_ex.o
HAL_TIMEx_ConfigCommutEvent                       build/stm32f1xx_hal_tim_ex.o
HAL_TIMEx_ConfigCommutEvent_DMA                   build/stm32f1xx_hal_tim_ex.o
HAL_TIMEx_ConfigCommutEvent_IT                    build/stm32f1xx_hal_tim_ex.o
HAL_TIMEx_GetChannelNState                        build/stm32f1xx_hal_tim_ex.o
HAL_TIMEx_HallSensor_DeInit                       build/stm32f1xx_hal_tim_ex.o
HAL_TIMEx_HallSensor_GetState                     build/stm32f1xx_hal_tim_ex.o
HAL_TIMEx_HallSensor_Init                         build/stm32f1xx_hal_tim_ex.o
HAL_TIMEx_HallSensor_MspDeInit                    build/stm32f1xx_hal_tim_ex.o
HAL_TIMEx_HallSensor_MspInit                      build/stm32f1xx_hal_tim_ex.o
HAL_TIMEx_HallSensor_Start                        build/stm32f1xx_hal_tim_ex.o
HAL_TIMEx_HallSensor_Start_DMA                    build/stm32f1xx_hal_tim_ex.o
HAL_TIMEx_HallSensor_Start_IT                     build/stm32f1xx_hal_tim_ex.o
HAL_TIMEx_HallSensor_Stop                         build/stm32f1xx_hal_tim_ex.o
HAL_TIMEx_HallSensor_Stop_DMA                     build/stm32f1xx_hal_tim_ex.o
HAL_TIMEx_HallSensor_Stop_IT                      build/stm32f1xx_hal_tim_ex.o
HAL_TIMEx_MasterConfigSynchronization             build/stm32f1xx_hal_tim_ex.o
                                                  build/main.o
HAL_TIMEx_OCN_Start                               build/stm32f1xx_hal_tim_ex.o
HAL_TIMEx_OCN_Start_DMA                           build/stm32f1xx_hal_tim_ex.o
HAL_TIMEx_OCN_Start_IT                            build/stm32f1xx_hal_tim_ex.o
HAL_TIMEx_OCN_Stop                                build/stm32f1xx_hal_tim_ex.o
HAL_TIMEx_OCN_Stop_DMA                            build/stm32f1xx_hal_tim_ex.o
HAL_TIMEx_OCN_Stop_IT                             build/stm32f1xx_hal_tim_ex.o
HAL_TIMEx_OnePulseN_Start                         build/stm32f1xx_hal_tim_ex.o
HAL_TIMEx_OnePulseN_Start_IT                      build/stm32f1xx_hal_tim_ex.o
HAL_TIMEx_OnePulseN_Stop                          build/stm32f1xx_hal_tim_ex.o
HAL_TIMEx_OnePulseN_Stop_IT                       build/stm32f1xx_hal_tim_ex.o
HAL_TIMEx_PWMN_Start                              build/stm32f1xx_hal_tim_ex.o
HAL_TIMEx_PWMN_Start_DMA                          build/stm32f1xx_hal_tim_ex.o
HAL_TIMEx_PWMN_Start_IT                           build/stm32f1xx_hal_tim_ex.o
HAL_TIMEx_PWMN_Stop                               build/stm32f1xx_hal_tim_ex.o
HAL_TIMEx_PWMN_Stop_DMA                           build/stm32f1xx_hal_tim_ex.o
HAL_TIMEx_PWMN_Stop_IT                            build/stm32f1xx_hal_tim_ex.o
HAL_TIMEx_RemapConfig                             build/stm32f1xx_hal_tim_ex.o
HAL_TIM_Base_DeInit                               build/stm32f1xx_hal_tim.o
HAL_TIM_Base_GetState                             build/stm32f1xx_hal_tim.o
HAL_TIM_Base_Init                                 build/stm32f1xx_hal_tim.o
                                                  build/main.o
HAL_TIM_Base_MspDeInit                            build/stm32f1xx_hal_msp.o
HAL_TIM_Base_MspInit                              build/stm32f1xx_hal_msp.o
HAL_TIM_Base_Start                                build/stm32f1xx_hal_tim.o
                                                  build/main.o
HAL_TIM_Base_Start_DMA                            build/stm32f1xx_hal_tim.o
HAL_TIM_Base_Start_IT                             build/stm32f1xx_hal_tim.o
HAL_TIM_Base_Stop                                 build/stm32f1xx_hal_tim.o
HAL_TIM_Base_Stop_DMA                             build/stm32f1xx_hal_tim.o
HAL_TIM_Base_Stop_IT                              build/stm32f1xx_hal_tim.o
HAL_TIM_ConfigClockSource                         build/stm32f1xx_hal_tim.o
                                                  build/main.o
HAL_TIM_ConfigOCrefClear                          build/stm32f1xx_hal_tim.o
HAL_TIM_ConfigTI1Input                            build/stm32f1xx_hal_tim.o
HAL_TIM_DMABurstState                             build/stm32f1xx_hal_tim.o
HAL_TIM_DMABurst_MultiReadStart                   build/stm32f1xx_hal_tim.o
HAL_TIM_DMABurst_MultiWriteStart                  build/stm32f1xx_hal_tim.o
HAL_TIM_DMABurst_ReadStart                        build/stm32f1xx_hal_tim.o
HAL_TIM_DMABurst_ReadStop                         build/stm32f1xx_hal_tim.o
HAL_TIM_DMABurst_WriteStart                       build/stm32f1xx_hal_tim.o
HAL_TIM_DMABurst_WriteStop                        build/stm32f1xx_hal_tim.o
HAL_TIM_Encoder_DeInit                            build/stm32f1xx_hal_tim.o
HAL_TIM_Encoder_GetState                          build/stm32f1xx_hal_tim.o
HAL_TIM_Encoder_Init                              build/stm32f1xx_hal_tim.o
HAL_TIM_Encoder_MspDeInit                         build/stm32f1xx_hal_tim.o
HAL_TIM_Encoder_MspInit                           build/stm32f1xx_hal_tim.o
HAL_TIM_Encoder_Start                             build/stm32f1xx_hal_tim.o
HAL_TIM_Encoder_Start_DMA                         build/stm32f1xx_hal_tim.o
HAL_TIM_Encoder_Start_IT                          build/stm32f1xx_hal_tim.o
HAL_TIM_Encoder_Stop                              build/stm32f1xx_hal_tim.o
HAL_TIM_Encoder_Stop_DMA                          build/stm32f1xx_hal_tim.o
HAL_TIM_Encoder_Stop_IT                           build/stm32f1xx_hal_tim.o
HAL_TIM_ErrorCallback                             build/stm32f1xx_hal_tim.o
                                                  build/stm32f1xx_hal_tim_ex.o
HAL_TIM_GenerateEvent                             build/stm32f1xx_hal_tim.o
HAL_TIM_GetActiveChannel                          build/stm32f1xx_hal_tim.o
HAL_TIM_GetChannelState                           build/stm32f1xx_hal_tim.o
HAL_TIM_IC_CaptureCallback                        build/stm32f1xx_hal_tim.o
HAL_TIM_IC_CaptureHalfCpltCallback                build/stm32f1xx_hal_tim.o
HAL_TIM_IC_ConfigChannel                          build/stm32f1xx_hal_tim.o
HAL_TIM_IC_DeInit                                 build/stm32f1xx_hal_tim.o
HAL_TIM_IC_GetState                               build/stm32f1xx_hal_tim.o
HAL_TIM_IC_Init                                   build/stm32f1xx_hal_tim.o
HAL_TIM_IC_MspDeInit                              build/stm32f1xx_hal_tim.o
HAL_TIM_IC_MspInit                                build/stm32f1xx_hal_tim.o
HAL_TIM_IC_Start                                  build/stm32f1xx_hal_tim.o
HAL_TIM_IC_Start_DMA                              build/stm32f1xx_hal_tim.o
HAL_TIM_IC_Start_IT                               build/stm32f1xx_hal_tim.o
HAL_TIM_IC_Stop                                   build/stm32f1xx_hal_tim.o
HAL_TIM_IC_Stop_DMA                               build/stm32f1xx_hal_tim.o
HAL_TIM_IC_Stop_IT                                build/stm32f1xx_hal_tim.o
HAL_TIM_IRQHandler                                build/stm32f1xx_hal_tim.o
HAL_TIM_OC_ConfigChannel                          build/stm32f1xx_hal_tim.o
HAL_TIM_OC_DeInit                                 build/stm32f1xx_hal_tim.o
HAL_TIM_OC_DelayElapsedCallback                   build/stm32f1xx_hal_tim.o
HAL_TIM_OC_GetState                               build/stm32f1xx_hal_tim.o
HAL_TIM_OC_Init                                   build/stm32f1xx_hal_tim.o
HAL_TIM_OC_MspDeInit                              build/stm32f1xx_hal_tim.o
HAL_TIM_OC_MspInit                                build/stm32f1xx_hal_tim.o
HAL_TIM_OC_Start                                  build/stm32f1xx_hal_tim.o
HAL_TIM_OC_Start_DMA                              build/stm32f1xx_hal_tim.o
HAL_TIM_OC_Start_IT                               build/stm32f1xx_hal_tim.o
HAL_TIM_OC_Stop                                   build/stm32f1xx_hal_tim.o
HAL_TIM_OC_Stop_DMA                               build/stm32f1xx_hal_tim.o
HAL_TIM_OC_Stop_IT                                build/stm32f1xx_hal_tim.o
HAL_TIM_OnePulse_ConfigChannel                    build/stm32f1xx_hal_tim.o
HAL_TIM_OnePulse_DeInit                           build/stm32f1xx_hal_tim.o
HAL_TIM_OnePulse_GetState                         build/stm32f1xx_hal_tim.o
HAL_TIM_OnePulse_Init                             build/stm32f1xx_hal_tim.o
HAL_TIM_OnePulse_MspDeInit                        build/stm32f1xx_hal_tim.o
HAL_TIM_OnePulse_MspInit                          build/stm32f1xx_hal_tim.o
HAL_TIM_OnePulse_Start                            build/stm32f1xx_hal_tim.o
HAL_TIM_OnePulse_Start_IT                         build/stm32f1xx_hal_tim.o
HAL_TIM_OnePulse_Stop                             build/stm32f1xx_hal_tim.o
HAL_TIM_OnePulse_Stop_IT                          build/stm32f1xx_hal_tim.o
HAL_TIM_PWM_ConfigChannel                         build/stm32f1xx_hal_tim.o
HAL_TIM_PWM_DeInit                                build/stm32f1xx_hal_tim.o
HAL_TIM_PWM_GetState                              build/stm32f1xx_hal_tim.o
HAL_TIM_PWM_Init                                  build/stm32f1xx_hal_tim.o
HAL_TIM_PWM_MspDeInit                             build/stm32f1xx_hal_tim.o
HAL_TIM_PWM_MspInit                               build/stm32f1xx_hal_tim.o
HAL_TIM_PWM_PulseFinishedCallback                 build/stm32f1xx_hal_tim.o
                                                  build/stm32f1xx_hal_tim_ex.o
HAL_TIM_PWM_PulseFinishedHalfCpltCallback         build/stm32f1xx_hal_tim.o
HAL_TIM_PWM_Start                                 build/stm32f1xx_hal_tim.o
HAL_TIM_PWM_Start_DMA                             build/stm32f1xx_hal_tim.o
HAL_TIM_PWM_Start_IT                              build/stm32f1xx_hal_tim.o
HAL_TIM_PWM_Stop                                  build/stm32f1xx_hal_tim.o
HAL_TIM_PWM_Stop_DMA                              build/stm32f1xx_hal_tim.o
HAL_TIM_PWM_Stop_IT                               build/stm32f1xx_hal_tim.o
HAL_TIM_PeriodElapsedCallback                     build/stm32f1xx_hal_tim.o
HAL_TIM_PeriodElapsedHalfCpltCallback             build/stm32f1xx_hal_tim.o
HAL_TIM_ReadCapturedValue                         build/stm32f1xx_hal_tim.o
HAL_TIM_SlaveConfigSynchro                        build/stm32f1xx_hal_tim.o
HAL_TIM_SlaveConfigSynchro_IT                     build/stm32f1xx_hal_tim.o
HAL_TIM_TriggerCallback                           build/stm32f1xx_hal_tim.o
HAL_TIM_TriggerHalfCpltCallback                   build/stm32f1xx_hal_tim.o
HAL_UARTEx_GetRxEventType                         build/stm32f1xx_hal_uart.o
HAL_UARTEx_ReceiveToIdle                          build/stm32f1xx_hal_uart.o
HAL_UARTEx_ReceiveToIdle_DMA                      build/stm32f1xx_hal_uart.o
HAL_UARTEx_ReceiveToIdle_IT                       build/stm32f1xx_hal_uart.o
HAL_UARTEx_RxEventCallback                        build/stm32f1xx_hal_uart.o
HAL_UART_Abort                                    build/stm32f1xx_hal_uart.o
HAL_UART_AbortCpltCallback                        build/stm32f1xx_hal_uart.o
HAL_UART_AbortReceive                             build/stm32f1xx_hal_uart.o
HAL_UART_AbortReceiveCpltCallback                 build/stm32f1xx_hal_uart.o
HAL_UART_AbortReceive_IT                          build/stm32f1xx_hal_uart.o
HAL_UART_AbortTransmit                            build/stm32f1xx_hal_uart.o
HAL_UART_AbortTransmitCpltCallback                build/stm32f1xx_hal_uart.o
HAL_UART_AbortTransmit_IT                         build/stm32f1xx_hal_uart.o
HAL_UART_Abort_IT                                 build/stm32f1xx_hal_uart.o
HAL_UART_DMAPause                                 build/stm32f1xx_hal_uart.o
HAL_UART_DMAResume                                build/stm32f1xx_hal_uart.o
HAL_UART_DMAStop                                  build/stm32f1xx_hal_uart.o
HAL_UART_DeInit                                   build/stm32f1xx_hal_uart.o
HAL_UART_ErrorCallback                            build/stm32f1xx_hal_uart.o
HAL_UART_GetError                                 build/stm32f1xx_hal_uart.o
HAL_UART_GetState                                 build/stm32f1xx_hal_uart.o
HAL_UART_IRQHandler                               build/stm32f1xx_hal_uart.o
                                                  build/stm32f1xx_it.o